
   HANDE

 ================================================================
Version information
-------------------
Version       | v1.5-196-gb9630a5
Commit hash   | b9630a5380291831d19d4bbba843b8012f8a8829
Commit author | Andreea Filip
Commit date   | Mon May 2 16:28:36 2022 +0100
Branch        | main

Configuration and build information
-----------------------------------
Who compiled             | vanben
Compilation hostname     | cori09
Operating system         | Linux-5.3.18-24.96-default
CMake version            | 3.22.1
CMake generator          | Unix Makefiles
Build type               | release
Configuration time       | 2022-05-03 00:51:21 [UTC]
Python version           | 3.9.7
Fortran compiler         | /opt/cray/pe/craype/2.7.10/bin/ftn
C compiler               | /opt/cray/pe/craype/2.7.10/bin/cc
DET_SIZE set to          | 64
POP_SIZE set to          | 64
dSFMT Mersenne exponent  | 19937
MPI parallelization      | ON
MPI launcher             | /usr/lib64/mpi/gcc/openmpi/bin/mpirun
OpenMP parallelization   | OFF
Lua version              | 5.3.5
HDF5 library version     | 

Further components
------------------
DISABLE_HDF5 not defined.  HDF5 enabled.
DISABLE_UUID not defined.  UUID enabled.
PARALLEL defined.  MPI parallelization enabled.
DISABLE_MPI3 not defined.  MPI-3 functionality enabled.
PARALLEL defined. DISABLE_MPI3 and ENABLE_SHMEM_POSIX not defined. MPI-3 in use.
DISABLE_SCALAPACK not defined.  ScaLAPACK enabled.
SINGLE_PRECISION not defined.  Double precision used throughout.
USE_POPCNT not defined. Internal POPCNT procedure used.

Runtime information
-------------------
Hostname:
    nid00738
Current working dir:
    /global/u1/v/vanben/PIP_calculations/CH4_DMQMC
Started running on 13/08/2022 at 20:25:53
 Calculation UUID: 7be8fdc4-510b-44f2-9273-db3603695ba1.
 ================================================================

 Number of MPI processes running on: 1920
 Running with 1 thread per MPI process.

 Input options
 -------------

dmqmc {
    sys = read_in {
        int_file = 'EIGENVALUES-CH4-ccpVDZ.FCIDUMP',
        nel = 8,
        ms = 0,
    },
    qmc = {
        tau = 0.001,
        mc_cycles = 10,
        nreports = 100,
        init_pop = 1E9,
        target_population = 1E9,
        state_size = -1000,
        spawned_state_size = -2000,
        real_amplitudes = true,
        initiator = true,
    },
    dmqmc = {
        beta_loops = 1,
        initiator_level = 2,
    },
    operators = {
        energy = true,
    },
}

 -------------

 Memory required for all two body integrals (MB) on each processor: 1
 It is left to the user to ensure that this does not exceed available resources.

 Basis functions
 ---------------

 Spin given in units of 1/2.

 index  spatial symmetry sym_index lz     ms       <i|f|i>
     1      1       0       1       0       1       -9.42955657E-01
     2      1       0       2       0      -1       -9.42955657E-01
     3      2       0       3       0       1       -5.43135832E-01
     4      2       0       4       0      -1       -5.43135832E-01
     5      3       1       1       0       1       -5.43135812E-01
     6      3       1       2       0      -1       -5.43135812E-01
     7      4       2       1       0       1       -5.43135812E-01
     8      4       2       2       0      -1       -5.43135812E-01
     9      5       0       5       0       1        1.93307454E-01
    10      5       0       6       0      -1        1.93307454E-01
    11      6       0       7       0       1        2.74374641E-01
    12      6       0       8       0      -1        2.74374641E-01
    13      7       1       3       0       1        2.74374641E-01
    14      7       1       4       0      -1        2.74374641E-01
    15      8       2       3       0       1        2.74374641E-01
    16      8       2       4       0      -1        2.74374641E-01
    17      9       1       5       0       1        5.89332678E-01
    18      9       1       6       0      -1        5.89332678E-01
    19     10       2       5       0       1        5.89332678E-01
    20     10       2       6       0      -1        5.89332678E-01
    21     11       0       9       0       1        5.89332701E-01
    22     11       0      10       0      -1        5.89332701E-01
    23     12       1       7       0       1        8.90267650E-01
    24     12       1       8       0      -1        8.90267650E-01
    25     13       2       7       0       1        8.90267650E-01
    26     13       2       8       0      -1        8.90267650E-01
    27     14       0      11       0       1        8.90267657E-01
    28     14       0      12       0      -1        8.90267657E-01
    29     15       0      13       0       1        9.36394707E-01
    30     15       0      14       0      -1        9.36394707E-01
    31     16       0      15       0       1        1.13184873E+00
    32     16       0      16       0      -1        1.13184873E+00
    33     17       3       1       0       1        1.13184875E+00
    34     17       3       2       0      -1        1.13184875E+00
    35     18       0      17       0       1        1.25677241E+00
    36     18       0      18       0      -1        1.25677241E+00
    37     19       3       3       0       1        1.68772702E+00
    38     19       3       4       0      -1        1.68772702E+00
    39     20       1       9       0       1        1.68772704E+00
    40     20       1      10       0      -1        1.68772704E+00
    41     21       2       9       0       1        1.68772704E+00
    42     21       2      10       0      -1        1.68772704E+00
    43     22       1      11       0       1        1.89580597E+00
    44     22       1      12       0      -1        1.89580597E+00
    45     23       2      11       0       1        1.89580597E+00
    46     23       2      12       0      -1        1.89580597E+00
    47     24       0      19       0       1        1.89580597E+00
    48     24       0      20       0      -1        1.89580597E+00
    49     25       0      21       0       1        2.21334880E+00
    50     25       0      22       0      -1        2.21334880E+00
    51     26       1      13       0       1        2.21334886E+00
    52     26       1      14       0      -1        2.21334886E+00
    53     27       2      13       0       1        2.21334886E+00
    54     27       2      14       0      -1        2.21334886E+00
    55     28       3       5       0       1        2.54708966E+00
    56     28       3       6       0      -1        2.54708966E+00
    57     29       0      23       0       1        2.54708971E+00
    58     29       0      24       0      -1        2.54708971E+00
    59     30       0      25       0       1        2.75562169E+00
    60     30       0      26       0      -1        2.75562169E+00
    61     31       0      27       0       1        2.79929864E+00
    62     31       0      28       0      -1        2.79929864E+00
    63     32       1      15       0       1        2.79929865E+00
    64     32       1      16       0      -1        2.79929865E+00
    65     33       2      15       0       1        2.79929865E+00
    66     33       2      16       0      -1        2.79929865E+00

 E_core =  -22.786970808359
 Number of electrons: 8
 Number of basis functions: 66

 Bit-length of integers used to store determinant bit-strings: 64
 Number of integers used to store determinant bit-strings: 2

 Symmetry information
 --------------------

 Number of point group symmetries: 4
 Not using Lz symmetry.
 Totally symmetric symmetry: 0
 The matrix below gives the direct products of the irreducible representations.

  0  1  2  3
  1  0  3  2
  2  3  0  1
  3  2  1  0

 The table below gives the number of basis functions spanning each irreducible representation.

 irrep  Lz   sym  nbasis  nbasis_up  nbasis_down
   0     0    0     28      14         14
   1     0    1     16       8          8
   2     0    2     16       8          8
   3     0    3      6       3          3


 Reference determinant and so symmetry sector selected using the Aufbau principle.
 Selected symmetry  0.

 DMQMC
 -----

 Memory allocated per core for main walker list (MB):   1000.00
 Number of elements per core in main walker list: 19230769
 Memory allocated per core for spawned walker lists (MB):   2000.00
 Number of elements per core in spawned walker list: 20833333

 spawned_walker_length is not a multiple of the number of processors.
 Increasing spawned_walker_length to 20833920.

 # Starting the excitation generator initialisation.
 # Finishing the excitation generator initialisation, time taken:  1.0013580322E-05
 -- Start JSON block --
 {
     "system": {
         "nbasis": 66,   
         "nel": 8,   
         "nvirt": 58,   
         "Ms": 0,   
         "nalpha": 4,   
         "nbeta": 4,   
         "nvirt_alpha": 29,   
         "nvirt_beta": 29,   
         "nsym": 3,   
         "sym0": 0,   
         "sym_max": 3,   
         "nsym_tot": 4,   
         "sym0_tot": 0,   
         "sym_max_tot": 3,   
         "symmetry": 0,   
         "tot_sym": false,   
         "aufbau_sym": true,   
         "max_number_excitations": 8,   
         "read_in": {
             "int_file":  "EIGENVALUES-CH4-ccpVDZ.FCIDUMP",   
             "uhf": false,   
             "Ecore": -22.78697081,   
             "CAS": [ -1, -1],
             "useLz": false,   
             "complex": false    
         }
     },
     "qmc": {
         "rng_seed": 549266657,   
         "real_amplitudes": true,   
         "real_amplitude_force_32": false,   
         "spawn_cutoff": 0.01000000,   
         "excit_gen":  "renorm",   
         "pattempt_update": false,   
         "pattempt_zero_accum_data": false,   
         "pattempt_single": 0.01572197,   
         "pattempt_double": 0.98427803,   
         "pattempt_parallel": 0.00000000,   
         "tau": 0.00100000,   
         "tau_search": false,   
         "vary_shift_from": 0.00000000,   
         "vary_shift_from_proje": false,   
         "initial_shift": 0.00000000,   
         "shift_damping": 0.05000000,   
         "shift_harmonic_forcing": 0.00000000,   
         "shift_harmonic_crit_damp": false,   
         "walker_length": -1000,   
         "spawned_walker_length": -2000,   
         "D0_population": 1000000000.00000000,   
         "target_particles": 1000000000.00000000,   
         "target_reference": false,   
         "initiator_approx": true,   
         "initiator_pop": 3.00000000,   
         "ncycles": 10,   
         "nreport": 100,   
         "power_pitzer_min_weight": 0.01000000,   
         "quasi_newton": false,   
         "quasi_newton_threshold": 0.00000000,   
         "quasi_newton_value": 0.00000000,   
         "quasi_newton_pop_control": 1.00000000,   
         "use_mpi_barriers": false    
     },
     "dmqmc": {
         "beta_loops": 1,   
         "replica_tricks": false,   
         "start_av_rdm": 0,   
         "weighted_sampling": false,   
         "vary_weights": false,   
         "find_weights": false,   
         "find_weights_start": 0,   
         "calc_excit_dist": false,   
         "all_sym_sectors": false,   
         "all_spin_sectors": false,   
         "initiator_level": 2,   
         "symmetric_bloch": true,   
         "sampling_probs":  "[]",   
         "finish_varying_weights": 0,   
         "fermi_temperature": false,   
         "target_beta": 1.00000000,   
         "final_beta": -1.00000000,   
         "piecewise_shift": 0.00000000,   
         "walker_scale_factor": 0.00000000,   
         "mom_dist_kmax": 0.00000000,   
         "struc_fac_qmax": 0.00000000    
     },
     "ipdmqmc": {
         "ipdmqmc": false,   
         "initial_matrix":  "hartree_fock",   
         "grand_canonical_initialisation": false,   
         "count_diagonal_occupations": false,   
         "skip_gci_reference_check": false,   
         "symmetric_interaction_picture": true,   
         "chem_pot": [0.00000000,0.00000000],
         "metropolis_attempts": 0    
     },
     "rdm": {
         "nrdms": 0,   
         "spawned_length": 0,   
         "doing_rdm": false,   
         "calc_ground_rdm": false,   
         "calc_inst_rdm": false,   
         "doing_concurrence": false,   
         "doing_vn_entropy": false,   
         "output_rdm": false    
     },
     "operators": {
         "energy": true,   
         "energy_squared": false,   
         "kinetic_energy": false,   
         "potential_energy": false,   
         "H0_energy": false,   
         "HI_energy": false,   
         "ref_projected_energy": false,   
         "correlation_fn": false,   
         "staggered_mad_ind": false,   
         "rdm_r2": false,   
         "full_r2": false,   
         "mom_dist": false    
     },
     "restart": {
         "read_restart": false,   
         "read_id": 2147483647,   
         "write_restart": false,   
         "write_id": 2147483647,   
         "write_freq": 2147483647,   
         "write_restart_shift": false,   
         "write_shift_id": 2147483647,   
         "restart_rng": true    
     },
     "load balancing": {
         "nslots": 1,   
         "pop": 1000,   
         "percent": 0.05000000,   
         "max_attempts": 2,   
         "write_info": false    
     },
     "reference": {
         "det": [ 1, 2, 3, 4, 5, 6, 7, 8],
         "det_ms": 0,   
         "det_symmetry": 0,   
         "H00": -40.19868633,   
         "F0": -5.14472622,   
         "hilbert_space_det": [ 1, 2, 3, 4, 5, 6, 7, 8],
         "hilbert_space_det_ms": 0,   
         "hilbert_space_det_symmetry": 0,   
         "ex_level": 8    
     }
 }
 -- End JSON block --

 Information printed out every QMC report loop:

 Shift: the energy offset calculated at the end of the report loop.
 Trace: The current total population on the diagonal elements of the density matrix.
 \sum\rho_{ij}H_{ji}: The numerator of the estimator for the expectation value of the energy.
 # particles: current total population of Hamiltonian particles.
 # states: number of many-particle states occupied.
 # spawn_events: number of successful spawning events across all processors.
 R_spawn: average rate of spawning across all processors.
 time: average time per Monte Carlo cycle.

 Note that all particle populations are averaged over the report loop.

 #     iterations   Instant shift         Trace                 \sum\rho_{ij}H_{ji}   # particles                # states  # spawn_events   R_spawn    time   
 # Initial diagonal density matrix element(s): 380229153
                0  -8.6669771736E-01      1.0000000000E+09     -2.7800952385E+10      1.0000000000E+09          675720203      1415660224    0.3056    2.0329 
               10  -1.6298722928E+00      8.8299100148E+08     -2.4608803736E+10      1.1892698453E+09          971290165      1655056951    0.3062    2.0878 
               20  -2.2625653237E+00      7.7340124476E+08     -2.1607888412E+10      1.3853799838E+09         1249611788      1885273016    0.3067    2.4970 
               30  -2.7663848029E+00      6.7266194648E+08     -1.8839790022E+10      1.5722584120E+09         1498569363      2091972863    0.3070    2.7838 
               40  -3.1532382464E+00      5.8170766678E+08     -1.6332544183E+10      1.7389421361E+09         1706808999     -2147483648    0.3074    3.0824 
               50  -3.4381483025E+00      5.0083856281E+08     -1.4096617931E+10      1.8788270063E+09         1869985949     -2147483648    0.3076    3.2962 
               60  -3.6361059129E+00      4.2982141949E+08     -1.2127497211E+10      1.9889953470E+09         1991232585     -2147483648    0.3079    3.4629 
               70  -3.7605062195E+00      3.6806547891E+08     -1.0410497766E+10      2.0693223418E+09         2072969035     -2147483648    0.3080    3.5990 
               80  -3.8228271787E+00      3.1477683020E+08     -8.9250274627E+09      2.1214530268E+09         2119483821     -2147483648    0.3082    3.6902 
               90  -3.8333576894E+00      2.6905034298E+08     -7.6471290783E+09      2.1480607014E+09         2136498079     -2147483648    0.3083    3.7001 
              100  -3.8004303946E+00      2.2997893746E+08     -6.5525107218E+09      2.1525895040E+09         2129703017     -2147483648    0.3084    3.6806 
              110  -3.7313470831E+00      1.9670130987E+08     -5.6179576861E+09      2.1384602889E+09         2104434866     -2147483648    0.3085    3.6165 
              120  -3.6324250113E+00      1.6841145171E+08     -4.8216025658E+09      2.1091170847E+09         2065289841     -2147483648    0.3085    3.5458 
              130  -3.5087949411E+00      1.4438830374E+08     -4.1437801777E+09      2.0677995080E+09         2015917379     -2147483648    0.3086    3.4999 
              140  -3.3650152013E+00      1.2400859464E+08     -3.5674517517E+09      2.0172979919E+09         1959314540     -2147483648    0.3086    3.3586 
              150  -3.2047081254E+00      1.0671478840E+08     -3.0772836051E+09      1.9601147947E+09         1897767301     -2147483648    0.3086    3.2827 
              160  -3.0310963855E+00      9.2032083848E+07     -2.6602119397E+09      1.8982674943E+09         1833144016     -2147483648    0.3086    3.1732 
              170  -2.8472776657E+00      7.9552682942E+07     -2.3049413445E+09      1.8334863745E+09         1767047865     -2147483648    0.3087    3.0592 
              180  -2.6555053569E+00      6.8935414181E+07     -2.0020424080E+09      1.7673045507E+09         1700595950      2084267866    0.3087    2.9705 
              190  -2.4577126345E+00      5.9888765264E+07     -1.7434049479E+09      1.7008039846E+09         1634657095      2004053043    0.3087    2.8699 
              200  -2.2557352126E+00      5.2168865599E+07     -1.5222426715E+09      1.6348360546E+09         1569951639      1925173981    0.3087    2.7470 
              210  -2.0510385666E+00      4.5562675301E+07     -1.3325908627E+09      1.5701121384E+09         1506982984      1848464845    0.3087    2.6365 
              220  -1.8448680438E+00      3.9904863267E+07     -1.1698249995E+09      1.5071308037E+09         1446110558      1774136192    0.3087    2.4860 
              230  -1.6384166771E+00      3.5044986033E+07     -1.0297400942E+09      1.4462494348E+09         1387617614      1702752536    0.3087    2.4161 
              240  -1.4327712434E+00      3.0862752563E+07     -9.0893698080E+08      1.3877494516E+09         1331704236      1634344319    0.3087    2.3246 
              250  -1.2286425366E+00      2.7253788546E+07     -8.0450048394E+08      1.3318304160E+09         1278430837      1569223550    0.3087    2.2239 
              260  -1.0264972948E+00      2.4135083831E+07     -7.1406432601E+08      1.2785524088E+09         1227775127      1507239997    0.3086    2.1106 
              270  -8.2699821466E-01      2.1429785836E+07     -6.3547280410E+08      1.2278927134E+09         1179749946      1448412519    0.3086    2.0757 
              280  -6.3080195473E-01      1.9082058914E+07     -5.6713333289E+08      1.1798645490E+09         1134352345      1392826306    0.3086    1.9790 
              290  -4.3833201122E-01      1.7037727264E+07     -5.0751299641E+08      1.1344641115E+09         1091514462      1340341766    0.3086    1.8922 
              300  -2.4983871477E-01      1.5251651167E+07     -4.5532770197E+08      1.0916238980E+09         1051129800      1290837180    0.3086    1.8477 
              310  -6.5586793693E-02      1.3689577554E+07     -4.0960573104E+08      1.0512371860E+09         1013098211      1244262240    0.3086    1.7837 
              320   1.1433651565E-01      1.2318791919E+07     -3.6940631664E+08      1.0132037687E+09          977287968      1200322283    0.3086    1.6887 
              330   2.8952134750E-01      1.1114270262E+07     -3.3401919135E+08      9.7739217205E+08          943637350      1159095137    0.3086    1.6594 
              340   4.5996866935E-01      1.0051419880E+07     -3.0273714140E+08      9.4374028784E+08          912008992      1120260263    0.3086    1.5762 
              350   6.2556451325E-01      9.1128794222E+06     -2.7506837471E+08      9.1211086493E+08          882296149      1083864520    0.3086    1.5615 
              360   7.8621393904E-01      8.2817529949E+06     -2.5052433662E+08      8.8239727197E+08          854396077      1049609953    0.3086    1.4878 
              370   9.4173929292E-01      7.5431407851E+06     -2.2867500756E+08      8.5449657228E+08          828226578      1017518255    0.3086    1.4687 
              380   1.0924393052E+00      6.8853848057E+06     -2.0918284456E+08      8.2832651662E+08          803633794       987313721    0.3085    1.3955 
              390   1.2380937166E+00      6.2996488230E+06     -1.9179870359E+08      8.0373323587E+08          780558165       959064538    0.3085    1.3853 
              400   1.3787320541E+00      5.7761587745E+06     -1.7623654512E+08      7.8065751744E+08          758906149       932463021    0.3085    1.3160 
              410   1.5144492679E+00      5.3078202953E+06     -1.6228789773E+08      7.5900538191E+08          738581115       907522773    0.3085    1.3159 
              420   1.6452245199E+00      4.8864271952E+06     -1.4971463542E+08      7.3868045490E+08          719511126       884099380    0.3085    1.2657 
              430   1.7710502908E+00      4.5090893762E+06     -1.3843863848E+08      7.1961070264E+08          701627638       862166951    0.3085    1.2301 
              440   1.8922135502E+00      4.1694713189E+06     -1.2827552771E+08      7.0172754827E+08          684827150       841554654    0.3085    1.2126 
              450   2.0085358113E+00      3.8622602105E+06     -1.1906912669E+08      6.8492720939E+08          669075978       822223372    0.3085    1.1765 
              460   2.1202738866E+00      3.5844492157E+06     -1.1073151301E+08      6.6917667719E+08          654286753       804079080    0.3085    1.1660 
              470   2.2276319512E+00      3.3327210760E+06     -1.0316504734E+08      6.5438803530E+08          640385033       787008530    0.3085    1.1276 
              480   2.3304398691E+00      3.1032647087E+06     -9.6256380861E+07      6.4048704115E+08          627348941       771021835    0.3085    1.1041 
              490   2.4290950311E+00      2.8943649260E+06     -8.9960261333E+07      6.2745208226E+08          615088741       755981077    0.3085    1.0927 
              500   2.5233423569E+00      2.7047500311E+06     -8.4233091323E+07      6.1519314336E+08          603599993       741904725    0.3085    1.0516 
              510   2.6134594227E+00      2.5313735547E+06     -7.8990281904E+07      6.0370568796E+08          592815368       728641776    0.3085    1.0482 
              520   2.6996024120E+00      2.3727967282E+06     -7.4187982861E+07      5.9292231938E+08          582686005       716186336    0.3085    1.0486 
              530   2.7817769455E+00      2.2278558854E+06     -6.9791286050E+07      5.8279459296E+08          573184821       704570357    0.3085    1.0046 
              540   2.8600866907E+00      2.0949200304E+06     -6.5755303229E+07      5.7329469698E+08          564273971       693628322    0.3085    0.9943 
              550   2.9345118108E+00      1.9727614432E+06     -6.2040251177E+07      5.6438573264E+08          555933445       683385139    0.3085    1.0105 
              560   3.0054862776E+00      1.8599646923E+06     -5.8604259182E+07      5.5604705214E+08          548094118       673797383    0.3085    0.9734 
              570   3.0728739271E+00      1.7559340999E+06     -5.5432134205E+07      5.4820977975E+08          540752874       664822019    0.3085    0.9618 
              580   3.1368608259E+00      1.6602748497E+06     -5.2510824255E+07      5.4087083258E+08          533872846       656360396    0.3085    0.9653 
              590   3.1974309847E+00      1.5716360498E+06     -4.9801007166E+07      5.3399320481E+08          527440413       648502098    0.3085    0.9457 
              600   3.2548619584E+00      1.4894536409E+06     -4.7284677633E+07      5.2756341812E+08          521412647       641110397    0.3085    0.9328 
              610   3.3093515117E+00      1.4134826657E+06     -4.4955715847E+07      5.2153839052E+08          515756516       634157301    0.3085    0.9632 
              620   3.3606042321E+00      1.3427825411E+06     -4.2784230627E+07      5.1588556965E+08          510491831       627718776    0.3085    0.9317 
              630   3.4089893594E+00      1.2769786554E+06     -4.0761580577E+07      5.1062447249E+08          505570801       621683195    0.3085    0.9340 
              640   3.4545295575E+00      1.2160380792E+06     -3.8886019295E+07      5.0570697821E+08          500981862       616073118    0.3086    0.9822 
              650   3.4974153396E+00      1.1590036467E+06     -3.7128981458E+07      5.0112189129E+08          496697605       610849510    0.3086    0.8814 
              660   3.5376836025E+00      1.1063701048E+06     -3.5504854897E+07      4.9684207102E+08          492707510       605954715    0.3086    0.8747 
              670   3.5752775787E+00      1.0565851900E+06     -3.3967686157E+07      4.9285674734E+08          489010559       601456902    0.3086    0.8543 
              680   3.6103038266E+00      1.0099120448E+06     -3.2525092607E+07      4.8916495469E+08          485590280       597270761    0.3086    0.8371 
              690   3.6431177696E+00      9.6629828028E+05     -3.1174820128E+07      4.8575020664E+08          482406881       593412187    0.3086    0.8308 
              700   3.6737072613E+00      9.2559771152E+05     -2.9913590745E+07      4.8257276856E+08          479457283       589796398    0.3086    0.8221 
              710   3.7019166959E+00      8.8738559035E+05     -2.8727165560E+07      4.7962945005E+08          476751956       586493631    0.3086    0.8555 
              720   3.7280498603E+00      8.5121056831E+05     -2.7603319079E+07      4.7693105412E+08          474258378       583431229    0.3086    0.8339 
              730   3.7521400335E+00      8.1754638900E+05     -2.6556485426E+07      4.7444481358E+08          471970214       580665411    0.3086    0.8058 
              740   3.7742106473E+00      7.8543891400E+05     -2.5557461303E+07      4.7216441995E+08          469882115       578134886    0.3086    0.8031 
              750   3.7943285455E+00      7.5524083266E+05     -2.4616550573E+07      4.7008482141E+08          467985587       575854959    0.3086    0.8137 
              760   3.8125597551E+00      7.2659864676E+05     -2.3722188167E+07      4.6819719775E+08          466272048       573763529    0.3087    0.8066 
              770   3.8290923513E+00      7.0033107274E+05     -2.2900821350E+07      4.6649314609E+08          464721999       571886244    0.3087    0.8016 
              780   3.8439411818E+00      6.7502313459E+05     -2.2109951436E+07      4.6495322481E+08          463332403       570206131    0.3087    0.8259 
              790   3.8572068786E+00      6.5138380575E+05     -2.1370348319E+07      4.6357447079E+08          462092783       568762363    0.3087    0.7893 
              800   3.8688169254E+00      6.2882462046E+05     -2.0664267087E+07      4.6234617325E+08          461008421       567425057    0.3087    0.7896 
              810   3.8788773462E+00      6.0756159502E+05     -1.9996114236E+07      4.6127384657E+08          460068471       566272525    0.3087    0.7855 
              820   3.8874450305E+00      5.8746326661E+05     -1.9365639728E+07      4.6034665787E+08          459266882       565353581    0.3087    0.8201 
              830   3.8946762751E+00      5.6806251612E+05     -1.8755459423E+07      4.5955851236E+08          458588720       564555891    0.3087    0.7872 
              840   3.9006979481E+00      5.4985200750E+05     -1.8182241712E+07      4.5889435674E+08          458021818       563904241    0.3087    0.8125 
              850   3.9053226126E+00      5.3247916734E+05     -1.7634496181E+07      4.5834202705E+08          457582810       563402431    0.3087    0.7915 
              860   3.9085608273E+00      5.1554472545E+05     -1.7100012152E+07      4.5791828743E+08          457270669       563103484    0.3088    0.7963 
              870   3.9108299711E+00      4.9994985197E+05     -1.6607508001E+07      4.5762181590E+08          457046631       562864655    0.3088    0.7824 
              880   3.9118456926E+00      4.8497641536E+05     -1.6134708523E+07      4.5741418107E+08          456936734       562799723    0.3088    0.7874 
              890   3.9117449135E+00      4.7073850125E+05     -1.5684005693E+07      4.5732126942E+08          456928472       562788867    0.3088    0.7979 
              900   3.9106888290E+00      4.5690227598E+05     -1.5246515265E+07      4.5733048720E+08          457006830       562953982    0.3088    0.7871 
              910   3.9085914518E+00      4.4358537504E+05     -1.4824613696E+07      4.5742709334E+08          457179823       563180921    0.3088    0.7813 
              920   3.9054086880E+00      4.3133451751E+05     -1.4435233748E+07      4.5761901301E+08          457451782       563584380    0.3088    0.7725 
              930   3.9015453273E+00      4.1948363627E+05     -1.4059129507E+07      4.5791040439E+08          457785820       564012871    0.3088    0.8158 
              940   3.8966943264E+00      4.0812514192E+05     -1.3698047702E+07      4.5826435574E+08          458210409       564613132    0.3088    0.7984 
              950   3.8908467064E+00      3.9706649322E+05     -1.3345490476E+07      4.5870917964E+08          458726265       565266834    0.3089    0.7762 
              960   3.8843825282E+00      3.8674717874E+05     -1.3016193279E+07      4.5924596486E+08          459298882       566064454    0.3089    0.7876 
              970   3.8771298833E+00      3.7661008489E+05     -1.2693395801E+07      4.5984007838E+08          459944379       566877558    0.3089    0.8020 
              980   3.8691076374E+00      3.6706711246E+05     -1.2388318631E+07      4.6050757373E+08          460661502       567818932    0.3089    0.7825 
              990   3.8604446281E+00      3.5777944876E+05     -1.2090886187E+07      4.6124702778E+08          461438671       568848809    0.3089    0.7963 
             1000   3.8510146661E+00      3.4895328652E+05     -1.1808307482E+07      4.6204687795E+08          462287782       569932203    0.3089    0.7904 

 Load balancing
 ^^^^^^^^^^^^^^

 The final distribution of walkers and determinants across the processors was:

 Min # of particles on a processor:       2.394436E+05
 Max # of particles on a processor:       2.429703E+05
 Mean # of particles on a processor:      2.411037E+05

 Min # of determinants on a processor:   239110
 Max # of determinants on a processor:   242654
 Mean # of determinants on a processor:   2.407749E+05

 Min time taken by walker communication:       455.69s
 Max time taken by walker communication:       525.22s
 Mean time taken by walker communication:      502.92s

 Timing breakdown
 ----------------

 Time for each calculation section (seconds):

 Generic system initialisation: .24
 DMQMC calculation            : 1579.22

 ================================================================
 Finished running on 13/08/2022 at 20:52:17
 Wall time (seconds):                        1584.35
 CPU time (per processor, seconds):          1579.76
 ================================================================

