
   HANDE

 ================================================================
Version information
-------------------
Version       | v1.5-196-gb9630a5
Commit hash   | b9630a5380291831d19d4bbba843b8012f8a8829
Commit author | Andreea Filip
Commit date   | Mon May 2 16:28:36 2022 +0100
Branch        | main

Configuration and build information
-----------------------------------
Who compiled             | vanben
Compilation hostname     | cori09
Operating system         | Linux-5.3.18-24.96-default
CMake version            | 3.22.1
CMake generator          | Unix Makefiles
Build type               | release
Configuration time       | 2022-05-03 00:51:21 [UTC]
Python version           | 3.9.7
Fortran compiler         | /opt/cray/pe/craype/2.7.10/bin/ftn
C compiler               | /opt/cray/pe/craype/2.7.10/bin/cc
DET_SIZE set to          | 64
POP_SIZE set to          | 64
dSFMT Mersenne exponent  | 19937
MPI parallelization      | ON
MPI launcher             | /usr/lib64/mpi/gcc/openmpi/bin/mpirun
OpenMP parallelization   | OFF
Lua version              | 5.3.5
HDF5 library version     | 

Further components
------------------
DISABLE_HDF5 not defined.  HDF5 enabled.
DISABLE_UUID not defined.  UUID enabled.
PARALLEL defined.  MPI parallelization enabled.
DISABLE_MPI3 not defined.  MPI-3 functionality enabled.
PARALLEL defined. DISABLE_MPI3 and ENABLE_SHMEM_POSIX not defined. MPI-3 in use.
DISABLE_SCALAPACK not defined.  ScaLAPACK enabled.
SINGLE_PRECISION not defined.  Double precision used throughout.
USE_POPCNT not defined. Internal POPCNT procedure used.

Runtime information
-------------------
Hostname:
    nid00738
Current working dir:
    /global/u1/v/vanben/PIP_calculations/CH4_DMQMC
Started running on 13/08/2022 at 20:52:25
 Calculation UUID: ac89428b-3780-4762-80b7-913ab7618f41.
 ================================================================

 Number of MPI processes running on: 1920
 Running with 1 thread per MPI process.

 Input options
 -------------

dmqmc {
    sys = read_in {
        int_file = 'EIGENVALUES-CH4-ccpVDZ.FCIDUMP',
        nel = 8,
        ms = 0,
    },
    qmc = {
        tau = 0.001,
        mc_cycles = 10,
        nreports = 100,
        init_pop = 1E9,
        target_population = 1E9,
        state_size = -1000,
        spawned_state_size = -2000,
        real_amplitudes = true,
        initiator = true,
    },
    dmqmc = {
        beta_loops = 1,
        initiator_level = 2,
    },
    operators = {
        energy = true,
    },
}

 -------------

 Memory required for all two body integrals (MB) on each processor: 1
 It is left to the user to ensure that this does not exceed available resources.

 Basis functions
 ---------------

 Spin given in units of 1/2.

 index  spatial symmetry sym_index lz     ms       <i|f|i>
     1      1       0       1       0       1       -9.42955657E-01
     2      1       0       2       0      -1       -9.42955657E-01
     3      2       0       3       0       1       -5.43135832E-01
     4      2       0       4       0      -1       -5.43135832E-01
     5      3       1       1       0       1       -5.43135812E-01
     6      3       1       2       0      -1       -5.43135812E-01
     7      4       2       1       0       1       -5.43135812E-01
     8      4       2       2       0      -1       -5.43135812E-01
     9      5       0       5       0       1        1.93307454E-01
    10      5       0       6       0      -1        1.93307454E-01
    11      6       0       7       0       1        2.74374641E-01
    12      6       0       8       0      -1        2.74374641E-01
    13      7       1       3       0       1        2.74374641E-01
    14      7       1       4       0      -1        2.74374641E-01
    15      8       2       3       0       1        2.74374641E-01
    16      8       2       4       0      -1        2.74374641E-01
    17      9       1       5       0       1        5.89332678E-01
    18      9       1       6       0      -1        5.89332678E-01
    19     10       2       5       0       1        5.89332678E-01
    20     10       2       6       0      -1        5.89332678E-01
    21     11       0       9       0       1        5.89332701E-01
    22     11       0      10       0      -1        5.89332701E-01
    23     12       1       7       0       1        8.90267650E-01
    24     12       1       8       0      -1        8.90267650E-01
    25     13       2       7       0       1        8.90267650E-01
    26     13       2       8       0      -1        8.90267650E-01
    27     14       0      11       0       1        8.90267657E-01
    28     14       0      12       0      -1        8.90267657E-01
    29     15       0      13       0       1        9.36394707E-01
    30     15       0      14       0      -1        9.36394707E-01
    31     16       0      15       0       1        1.13184873E+00
    32     16       0      16       0      -1        1.13184873E+00
    33     17       3       1       0       1        1.13184875E+00
    34     17       3       2       0      -1        1.13184875E+00
    35     18       0      17       0       1        1.25677241E+00
    36     18       0      18       0      -1        1.25677241E+00
    37     19       3       3       0       1        1.68772702E+00
    38     19       3       4       0      -1        1.68772702E+00
    39     20       1       9       0       1        1.68772704E+00
    40     20       1      10       0      -1        1.68772704E+00
    41     21       2       9       0       1        1.68772704E+00
    42     21       2      10       0      -1        1.68772704E+00
    43     22       1      11       0       1        1.89580597E+00
    44     22       1      12       0      -1        1.89580597E+00
    45     23       2      11       0       1        1.89580597E+00
    46     23       2      12       0      -1        1.89580597E+00
    47     24       0      19       0       1        1.89580597E+00
    48     24       0      20       0      -1        1.89580597E+00
    49     25       0      21       0       1        2.21334880E+00
    50     25       0      22       0      -1        2.21334880E+00
    51     26       1      13       0       1        2.21334886E+00
    52     26       1      14       0      -1        2.21334886E+00
    53     27       2      13       0       1        2.21334886E+00
    54     27       2      14       0      -1        2.21334886E+00
    55     28       3       5       0       1        2.54708966E+00
    56     28       3       6       0      -1        2.54708966E+00
    57     29       0      23       0       1        2.54708971E+00
    58     29       0      24       0      -1        2.54708971E+00
    59     30       0      25       0       1        2.75562169E+00
    60     30       0      26       0      -1        2.75562169E+00
    61     31       0      27       0       1        2.79929864E+00
    62     31       0      28       0      -1        2.79929864E+00
    63     32       1      15       0       1        2.79929865E+00
    64     32       1      16       0      -1        2.79929865E+00
    65     33       2      15       0       1        2.79929865E+00
    66     33       2      16       0      -1        2.79929865E+00

 E_core =  -22.786970808359
 Number of electrons: 8
 Number of basis functions: 66

 Bit-length of integers used to store determinant bit-strings: 64
 Number of integers used to store determinant bit-strings: 2

 Symmetry information
 --------------------

 Number of point group symmetries: 4
 Not using Lz symmetry.
 Totally symmetric symmetry: 0
 The matrix below gives the direct products of the irreducible representations.

  0  1  2  3
  1  0  3  2
  2  3  0  1
  3  2  1  0

 The table below gives the number of basis functions spanning each irreducible representation.

 irrep  Lz   sym  nbasis  nbasis_up  nbasis_down
   0     0    0     28      14         14
   1     0    1     16       8          8
   2     0    2     16       8          8
   3     0    3      6       3          3


 Reference determinant and so symmetry sector selected using the Aufbau principle.
 Selected symmetry  0.

 DMQMC
 -----

 Memory allocated per core for main walker list (MB):   1000.00
 Number of elements per core in main walker list: 19230769
 Memory allocated per core for spawned walker lists (MB):   2000.00
 Number of elements per core in spawned walker list: 20833333

 spawned_walker_length is not a multiple of the number of processors.
 Increasing spawned_walker_length to 20833920.

 # Starting the excitation generator initialisation.
 # Finishing the excitation generator initialisation, time taken:  2.2053718567E-05
 -- Start JSON block --
 {
     "system": {
         "nbasis": 66,   
         "nel": 8,   
         "nvirt": 58,   
         "Ms": 0,   
         "nalpha": 4,   
         "nbeta": 4,   
         "nvirt_alpha": 29,   
         "nvirt_beta": 29,   
         "nsym": 3,   
         "sym0": 0,   
         "sym_max": 3,   
         "nsym_tot": 4,   
         "sym0_tot": 0,   
         "sym_max_tot": 3,   
         "symmetry": 0,   
         "tot_sym": false,   
         "aufbau_sym": true,   
         "max_number_excitations": 8,   
         "read_in": {
             "int_file":  "EIGENVALUES-CH4-ccpVDZ.FCIDUMP",   
             "uhf": false,   
             "Ecore": -22.78697081,   
             "CAS": [ -1, -1],
             "useLz": false,   
             "complex": false    
         }
     },
     "qmc": {
         "rng_seed": -1375137711,   
         "real_amplitudes": true,   
         "real_amplitude_force_32": false,   
         "spawn_cutoff": 0.01000000,   
         "excit_gen":  "renorm",   
         "pattempt_update": false,   
         "pattempt_zero_accum_data": false,   
         "pattempt_single": 0.01572197,   
         "pattempt_double": 0.98427803,   
         "pattempt_parallel": 0.00000000,   
         "tau": 0.00100000,   
         "tau_search": false,   
         "vary_shift_from": 0.00000000,   
         "vary_shift_from_proje": false,   
         "initial_shift": 0.00000000,   
         "shift_damping": 0.05000000,   
         "shift_harmonic_forcing": 0.00000000,   
         "shift_harmonic_crit_damp": false,   
         "walker_length": -1000,   
         "spawned_walker_length": -2000,   
         "D0_population": 1000000000.00000000,   
         "target_particles": 1000000000.00000000,   
         "target_reference": false,   
         "initiator_approx": true,   
         "initiator_pop": 3.00000000,   
         "ncycles": 10,   
         "nreport": 100,   
         "power_pitzer_min_weight": 0.01000000,   
         "quasi_newton": false,   
         "quasi_newton_threshold": 0.00000000,   
         "quasi_newton_value": 0.00000000,   
         "quasi_newton_pop_control": 1.00000000,   
         "use_mpi_barriers": false    
     },
     "dmqmc": {
         "beta_loops": 1,   
         "replica_tricks": false,   
         "start_av_rdm": 0,   
         "weighted_sampling": false,   
         "vary_weights": false,   
         "find_weights": false,   
         "find_weights_start": 0,   
         "calc_excit_dist": false,   
         "all_sym_sectors": false,   
         "all_spin_sectors": false,   
         "initiator_level": 2,   
         "symmetric_bloch": true,   
         "sampling_probs":  "[]",   
         "finish_varying_weights": 0,   
         "fermi_temperature": false,   
         "target_beta": 1.00000000,   
         "final_beta": -1.00000000,   
         "piecewise_shift": 0.00000000,   
         "walker_scale_factor": 0.00000000,   
         "mom_dist_kmax": 0.00000000,   
         "struc_fac_qmax": 0.00000000    
     },
     "ipdmqmc": {
         "ipdmqmc": false,   
         "initial_matrix":  "hartree_fock",   
         "grand_canonical_initialisation": false,   
         "count_diagonal_occupations": false,   
         "skip_gci_reference_check": false,   
         "symmetric_interaction_picture": true,   
         "chem_pot": [0.00000000,0.00000000],
         "metropolis_attempts": 0    
     },
     "rdm": {
         "nrdms": 0,   
         "spawned_length": 0,   
         "doing_rdm": false,   
         "calc_ground_rdm": false,   
         "calc_inst_rdm": false,   
         "doing_concurrence": false,   
         "doing_vn_entropy": false,   
         "output_rdm": false    
     },
     "operators": {
         "energy": true,   
         "energy_squared": false,   
         "kinetic_energy": false,   
         "potential_energy": false,   
         "H0_energy": false,   
         "HI_energy": false,   
         "ref_projected_energy": false,   
         "correlation_fn": false,   
         "staggered_mad_ind": false,   
         "rdm_r2": false,   
         "full_r2": false,   
         "mom_dist": false    
     },
     "restart": {
         "read_restart": false,   
         "read_id": 2147483647,   
         "write_restart": false,   
         "write_id": 2147483647,   
         "write_freq": 2147483647,   
         "write_restart_shift": false,   
         "write_shift_id": 2147483647,   
         "restart_rng": true    
     },
     "load balancing": {
         "nslots": 1,   
         "pop": 1000,   
         "percent": 0.05000000,   
         "max_attempts": 2,   
         "write_info": false    
     },
     "reference": {
         "det": [ 1, 2, 3, 4, 5, 6, 7, 8],
         "det_ms": 0,   
         "det_symmetry": 0,   
         "H00": -40.19868633,   
         "F0": -5.14472622,   
         "hilbert_space_det": [ 1, 2, 3, 4, 5, 6, 7, 8],
         "hilbert_space_det_ms": 0,   
         "hilbert_space_det_symmetry": 0,   
         "ex_level": 8    
     }
 }
 -- End JSON block --

 Information printed out every QMC report loop:

 Shift: the energy offset calculated at the end of the report loop.
 Trace: The current total population on the diagonal elements of the density matrix.
 \sum\rho_{ij}H_{ji}: The numerator of the estimator for the expectation value of the energy.
 # particles: current total population of Hamiltonian particles.
 # states: number of many-particle states occupied.
 # spawn_events: number of successful spawning events across all processors.
 R_spawn: average rate of spawning across all processors.
 time: average time per Monte Carlo cycle.

 Note that all particle populations are averaged over the report loop.

 #     iterations   Instant shift         Trace                 \sum\rho_{ij}H_{ji}   # particles                # states  # spawn_events   R_spawn    time   
 # Initial diagonal density matrix element(s): 380221816
                0  -8.6672023957E-01      1.0000000000E+09     -2.7800919780E+10      1.0000000000E+09          675717684      1415689883    0.3056    1.9860 
               10  -1.6300164032E+00      8.8299099278E+08     -2.4608766393E+10      1.1892752024E+09          971322917      1655166880    0.3062    2.1154 
               20  -2.2627102266E+00      7.7339690898E+08     -2.1607732529E+10      1.3854199139E+09         1249651009      1885257858    0.3067    2.4487 
               30  -2.7665243092E+00      6.7265858783E+08     -1.8839672704E+10      1.5723039776E+09         1498613145      2092078657    0.3071    2.7820 
               40  -3.1533382496E+00      5.8170649119E+08     -1.6332494872E+10      1.7389906554E+09         1706841829     -2147483648    0.3074    3.0629 
               50  -3.4383190639E+00      5.0083480111E+08     -1.4096489843E+10      1.8788645844E+09         1870050444     -2147483648    0.3076    3.2712 
               60  -3.6362916464E+00      4.2982231356E+08     -1.2127493890E+10      1.9890632769E+09         1991306228     -2147483648    0.3079    3.4584 
               70  -3.7605691220E+00      3.6807228593E+08     -1.0410662024E+10      2.0693992118E+09         2072993492     -2147483648    0.3080    3.6067 
               80  -3.8229054649E+00      3.1477554097E+08     -8.9249638466E+09      2.1214797159E+09         2119515292     -2147483648    0.3082    3.6869 
               90  -3.8333236675E+00      2.6905477697E+08     -7.6472160686E+09      2.1480943344E+09         2136483049     -2147483648    0.3083    3.7885 
              100  -3.8004285761E+00      2.2998317583E+08     -6.5526076035E+09      2.1525748570E+09         2129702562     -2147483648    0.3084    3.6707 
              110  -3.7314027330E+00      1.9670217205E+08     -5.6179702222E+09      2.1384595112E+09         2104459006     -2147483648    0.3085    3.6052 
              120  -3.6324439289E+00      1.6841139653E+08     -4.8215907703E+09      2.1091405592E+09         2065298456     -2147483648    0.3085    3.5944 
              130  -3.5088890492E+00      1.4439368304E+08     -4.1439147084E+09      2.0678073316E+09         2015956150     -2147483648    0.3086    3.5036 
              140  -3.3648025455E+00      1.2401971373E+08     -3.5677507141E+09      2.0173359611E+09         1959231972     -2147483648    0.3086    3.3695 
              150  -3.2044035283E+00      1.0671958930E+08     -3.0774243842E+09      1.9600314305E+09         1897652280     -2147483648    0.3086    3.2703 
              160  -3.0308648681E+00      9.2034980366E+07     -2.6602789672E+09      1.8981518565E+09         1833059620     -2147483648    0.3086    3.1742 
              170  -2.8469490094E+00      7.9551789635E+07     -2.3048923479E+09      1.8334014797E+09         1766932202     -2147483648    0.3087    3.0688 
              180  -2.6551253714E+00      6.8934665849E+07     -2.0020074853E+09      1.7671883873E+09         1700466784      2084020759    0.3087    2.9404 
              190  -2.4573828972E+00      5.9885396733E+07     -1.7432960362E+09      1.7006747333E+09         1634549521      2003846730    0.3087    2.8281 
              200  -2.2553015197E+00      5.2163580896E+07     -1.5220715548E+09      1.6347282449E+09         1569815757      1925076431    0.3087    2.7226 
              210  -2.0505856642E+00      4.5559291521E+07     -1.3324751542E+09      1.5699759550E+09         1506846635      1848298489    0.3087    2.6081 
              220  -1.8444497651E+00      3.9903137396E+07     -1.1697686176E+09      1.5069942933E+09         1445989920      1774010748    0.3087    2.4868 
              230  -1.6380606512E+00      3.5039248434E+07     -1.0295689780E+09      1.4461284528E+09         1387519025      1702581380    0.3087    2.4118 
              240  -1.4324412634E+00      3.0862074995E+07     -9.0891314539E+08      1.3876506402E+09         1331616182      1634249236    0.3087    2.3241 
              250  -1.2282317617E+00      2.7256255094E+07     -8.0455983386E+08      1.3317425234E+09         1278326049      1569074336    0.3087    2.2244 
              260  -1.0261848009E+00      2.4137429926E+07     -7.1412819262E+08      1.2784473737E+09         1227698528      1507133621    0.3086    2.1160 
              270  -8.2688693634E-01      2.1435770677E+07     -6.3563243752E+08      1.2278159740E+09         1179723805      1448400625    0.3086    2.0568 
              280  -6.3078111207E-01      1.9086257156E+07     -5.6724250526E+08      1.1798382907E+09         1134347823      1392837982    0.3086    1.9935 
              290  -4.3825956884E-01      1.7040360052E+07     -5.0758358527E+08      1.1344593824E+09         1091498650      1340321292    0.3086    1.8855 
              300  -2.4965348157E-01      1.5253334983E+07     -4.5537115021E+08      1.0916080821E+09         1051090781      1290818456    0.3086    1.8468 
              310  -6.5338161443E-02      1.3688527189E+07     -4.0957335100E+08      1.0511982419E+09         1013047590      1244194721    0.3086    1.7509 
              320   1.1450891368E-01      1.2317771709E+07     -3.6937513581E+08      1.0131533869E+09          977254459      1200312329    0.3086    1.6925 
              330   2.8975431213E-01      1.1112792296E+07     -3.3397324223E+08      9.7735847254E+08          943593315      1159033422    0.3086    1.6634 
              340   4.6013723979E-01      1.0049200097E+07     -3.0267647336E+08      9.4369631725E+08          911978118      1120276997    0.3086    1.5837 
              350   6.2565519471E-01      9.1111131690E+06     -2.7501921008E+08      9.1208011446E+08          882280180      1083812372    0.3086    1.5524 
              360   7.8624392784E-01      8.2800934905E+06     -2.5047716806E+08      8.8238126870E+08          854391139      1049609935    0.3086    1.5209 
              370   9.4199475247E-01      7.5419815874E+06     -2.2864491715E+08      8.5449144723E+08          828184370      1017465678    0.3085    1.4720 
              380   1.0926337998E+00      6.8856297379E+06     -2.0919706890E+08      8.2828419692E+08          803602401       987307577    0.3085    1.4081 
              390   1.2382549450E+00      6.2993782740E+06     -1.9179352954E+08      8.0370197212E+08          780533043       959001514    0.3085    1.3869 
              400   1.3790285435E+00      5.7755988599E+06     -1.7622044756E+08      7.8063234501E+08          758861135       932428215    0.3085    1.3158 
              410   1.5146320990E+00      5.3088030359E+06     -1.6231549546E+08      7.5896037583E+08          738553972       907485385    0.3085    1.2922 
              420   1.6454895810E+00      4.8883635033E+06     -1.4977327187E+08      7.3865344465E+08          719472964       884079000    0.3085    1.2510 
              430   1.7715000303E+00      4.5096778956E+06     -1.3845888953E+08      7.1957255549E+08          701564348       862079753    0.3085    1.2281 
              440   1.8926250505E+00      4.1690887032E+06     -1.2826668029E+08      7.0166443220E+08          684770331       841482598    0.3085    1.2012 
              450   2.0090469748E+00      3.8621241051E+06     -1.1906515623E+08      6.8487084215E+08          669007124       822118128    0.3085    1.1671 
              460   2.1208001340E+00      3.5845755607E+06     -1.1073370113E+08      6.6910826895E+08          654217551       803990884    0.3085    1.1661 
              470   2.2281195976E+00      3.3324739572E+06     -1.0315615689E+08      6.5431916492E+08          640322149       786947249    0.3085    1.1210 
              480   2.3310481271E+00      3.1030944701E+06     -9.6249634272E+07      6.4042457796E+08          627272239       770928137    0.3085    1.0947 
              490   2.4296036937E+00      2.8945827259E+06     -8.9962883766E+07      6.2737575636E+08          615025873       755917741    0.3085    1.1037 
              500   2.5239459337E+00      2.7044646858E+06     -8.4221401708E+07      6.1513056140E+08          603526869       741792114    0.3085    1.0515 
              510   2.6139690440E+00      2.5308511066E+06     -7.8972142741E+07      6.0363281581E+08          592754889       728561962    0.3085    1.0344 
              520   2.7000712958E+00      2.3725919684E+06     -7.4179558876E+07      5.9286188929E+08          582631346       716165731    0.3085    1.0401 
              530   2.7821488859E+00      2.2276851344E+06     -6.9783788648E+07      5.8273994293E+08          573141873       704561614    0.3085    1.0007 
              540   2.8605108409E+00      2.0948344070E+06     -6.5748444401E+07      5.7325205228E+08          564226009       693583427    0.3085    0.9833 
              550   2.9351370975E+00      1.9725674474E+06     -6.2029737857E+07      5.6433785781E+08          555863804       683305947    0.3085    0.9996 
              560   3.0061261411E+00      1.8602722279E+06     -5.8611694250E+07      5.5597751873E+08          548023705       673711712    0.3085    0.9659 
              570   3.0735888206E+00      1.7566080937E+06     -5.5451133231E+07      5.4813962835E+08          540675167       664695152    0.3085    0.9512 
              580   3.1376165916E+00      1.6606852747E+06     -5.2521721551E+07      5.4079350510E+08          533791681       656269091    0.3085    0.9697 
              590   3.1983293836E+00      1.5722439300E+06     -4.9816840235E+07      5.3391249616E+08          527345183       648372349    0.3085    0.9368 
              600   3.2557891185E+00      1.4903686695E+06     -4.7309718394E+07      5.2746863415E+08          521315328       640973725    0.3085    0.9391 
              610   3.3101858054E+00      1.4143288284E+06     -4.4978857079E+07      5.2144168957E+08          515670061       634043805    0.3085    0.9381 
              620   3.3614450946E+00      1.3437177403E+06     -4.2812884932E+07      5.1579949682E+08          510405800       627635892    0.3085    0.9380 
              630   3.4097542787E+00      1.2783414425E+06     -4.0804179542E+07      5.1053860673E+08          505493394       621593000    0.3085    0.8626 
              640   3.4553311526E+00      1.2176213591E+06     -3.8936478035E+07      5.0562961912E+08          500901170       615934536    0.3086    0.8748 
              650   3.4981985703E+00      1.1609122219E+06     -3.7189500532E+07      5.0104155836E+08          496619694       610746137    0.3086    0.8536 
              660   3.5383825093E+00      1.1081390340E+06     -3.5562000252E+07      4.9676424873E+08          492638657       605874399    0.3086    0.8508 
              670   3.5760018630E+00      1.0578870511E+06     -3.4009656142E+07      4.9278785997E+08          488939805       601340206    0.3086    0.8483 
              680   3.6111539969E+00      1.0113982966E+06     -3.2571267552E+07      4.8909410093E+08          485508082       597198462    0.3086    0.8487 
              690   3.6438953371E+00      9.6752284306E+05     -3.1213530357E+07      4.8566761959E+08          482332264       593302299    0.3086    0.8342 
              700   3.6745105001E+00      9.2659941674E+05     -2.9944960927E+07      4.8249772781E+08          479380335       589691258    0.3086    0.8332 
              710   3.7027036274E+00      8.8800965366E+05     -2.8746993585E+07      4.7955240485E+08          476677024       586383162    0.3086    0.8333 
              720   3.7288779946E+00      8.5228165019E+05     -2.7637100445E+07      4.7685599761E+08          474179774       583374886    0.3086    0.8041 
              730   3.7529437891E+00      8.1829897321E+05     -2.6580656345E+07      4.7436623928E+08          471894223       580573652    0.3086    0.8055 
              740   3.7750997157E+00      7.8639225880E+05     -2.5587115965E+07      4.7208852509E+08          469798387       578063221    0.3086    0.8072 
              750   3.7953826906E+00      7.5603423808E+05     -2.4640368729E+07      4.7000124133E+08          467886459       575726333    0.3086    0.8200 
              760   3.8137500936E+00      7.2776021389E+05     -2.3758258897E+07      4.6809849860E+08          466160552       573629137    0.3087    0.7875 
              770   3.8302417717E+00      7.0094732949E+05     -2.2920265587E+07      4.6638210235E+08          464614494       571777555    0.3087    0.7915 
              780   3.8450878179E+00      6.7601559260E+05     -2.2140402474E+07      4.6484635175E+08          463225744       570110642    0.3087    0.7912 
              790   3.8583094050E+00      6.5203607174E+05     -2.1389975858E+07      4.6346817273E+08          461990451       568612463    0.3087    0.7993 
              800   3.8698672011E+00      6.2964142824E+05     -2.0687072470E+07      4.6224423472E+08          460911251       567293945    0.3087    0.7712 
              810   3.8800463606E+00      6.0811170032E+05     -2.0011320201E+07      4.6117696380E+08          459960703       566193736    0.3087    0.7779 
              820   3.8888353102E+00      5.8815113808E+05     -1.9384383430E+07      4.6023904008E+08          459139282       565207472    0.3087    0.7812 
              830   3.8960934078E+00      5.6886176996E+05     -1.8777697531E+07      4.5943074715E+08          458458767       564454728    0.3087    0.7973 
              840   3.9020263332E+00      5.5048217887E+05     -1.8199803269E+07      4.5876431233E+08          457900110       563793772    0.3087    0.7886 
              850   3.9065244528E+00      5.3311612256E+05     -1.7652626440E+07      4.5822027228E+08          457472713       563289386    0.3087    0.7735 
              860   3.9098297695E+00      5.1651493922E+05     -1.7129413375E+07      4.5780823173E+08          457154252       562918716    0.3088    0.7833 
              870   3.9119995390E+00      5.0052671439E+05     -1.6624694524E+07      4.5750569150E+08          456939475       562728134    0.3088    0.7972 
              880   3.9129380777E+00      4.8557921320E+05     -1.6152526343E+07      4.5730719820E+08          456836696       562654296    0.3088    0.7679 
              890   3.9128066573E+00      4.7117672327E+05     -1.5696934368E+07      4.5722136615E+08          456831010       562670039    0.3088    0.7819 
              900   3.9116517340E+00      4.5777542000E+05     -1.5271721146E+07      4.5723338395E+08          456918354       562804279    0.3088    0.7945 
              910   3.9094782086E+00      4.4465282727E+05     -1.4855153507E+07      4.5733901005E+08          457098369       563090376    0.3088    0.7714 
              920   3.9063656507E+00      4.3221482003E+05     -1.4460233976E+07      4.5753786086E+08          457363854       563462977    0.3088    0.7787 
              930   3.9024346074E+00      4.2045190266E+05     -1.4086682273E+07      4.5782277215E+08          457703822       563948720    0.3088    0.7781 
              940   3.8975207576E+00      4.0889478171E+05     -1.3719873645E+07      4.5818285790E+08          458133944       564508482    0.3088    0.8096 
              950   3.8917611755E+00      3.9799025865E+05     -1.3372737988E+07      4.5863336759E+08          458641561       565173812    0.3089    0.7718 
              960   3.8852445296E+00      3.8799914552E+05     -1.3053917786E+07      4.5916197930E+08          459218953       565940574    0.3089    0.7755 
              970   3.8779964370E+00      3.7808893488E+05     -1.2737840165E+07      4.5976080865E+08          459864022       566796370    0.3089    0.7678 
              980   3.8699444177E+00      3.6835491198E+05     -1.2427258527E+07      4.6042776974E+08          460583620       567737947    0.3089    0.8066 
              990   3.8612302242E+00      3.5925708898E+05     -1.2137005570E+07      4.6116984175E+08          461365458       568742896    0.3089    0.7691 
             1000   3.8518409299E+00      3.5020495327E+05     -1.1847578806E+07      4.6197428721E+08          462210497       569829838    0.3089    0.7856 

 Load balancing
 ^^^^^^^^^^^^^^

 The final distribution of walkers and determinants across the processors was:

 Min # of particles on a processor:       2.394522E+05
 Max # of particles on a processor:       2.427671E+05
 Mean # of particles on a processor:      2.410639E+05

 Min # of determinants on a processor:   239141
 Max # of determinants on a processor:   242426
 Mean # of determinants on a processor:   2.407346E+05

 Min time taken by walker communication:       447.26s
 Max time taken by walker communication:       518.13s
 Mean time taken by walker communication:      496.56s

 Timing breakdown
 ----------------

 Time for each calculation section (seconds):

 Generic system initialisation: .24
 DMQMC calculation            : 1571.58

 ================================================================
 Finished running on 13/08/2022 at 21:18:42
 Wall time (seconds):                        1577.21
 CPU time (per processor, seconds):          1572.14
 ================================================================

