
   HANDE

 ================================================================
Version information
-------------------
Version       | v1.5-196-gb9630a5
Commit hash   | b9630a5380291831d19d4bbba843b8012f8a8829
Commit author | Andreea Filip
Commit date   | Mon May 2 16:28:36 2022 +0100
Branch        | main

Configuration and build information
-----------------------------------
Who compiled             | vanben
Compilation hostname     | cori09
Operating system         | Linux-5.3.18-24.96-default
CMake version            | 3.22.1
CMake generator          | Unix Makefiles
Build type               | release
Configuration time       | 2022-05-03 00:51:21 [UTC]
Python version           | 3.9.7
Fortran compiler         | /opt/cray/pe/craype/2.7.10/bin/ftn
C compiler               | /opt/cray/pe/craype/2.7.10/bin/cc
DET_SIZE set to          | 64
POP_SIZE set to          | 64
dSFMT Mersenne exponent  | 19937
MPI parallelization      | ON
MPI launcher             | /usr/lib64/mpi/gcc/openmpi/bin/mpirun
OpenMP parallelization   | OFF
Lua version              | 5.3.5
HDF5 library version     | 

Further components
------------------
DISABLE_HDF5 not defined.  HDF5 enabled.
DISABLE_UUID not defined.  UUID enabled.
PARALLEL defined.  MPI parallelization enabled.
DISABLE_MPI3 not defined.  MPI-3 functionality enabled.
PARALLEL defined. DISABLE_MPI3 and ENABLE_SHMEM_POSIX not defined. MPI-3 in use.
DISABLE_SCALAPACK not defined.  ScaLAPACK enabled.
SINGLE_PRECISION not defined.  Double precision used throughout.
USE_POPCNT not defined. Internal POPCNT procedure used.

Runtime information
-------------------
Hostname:
    nid00738
Current working dir:
    /global/u1/v/vanben/PIP_calculations/CH4_DMQMC
Started running on 13/08/2022 at 21:18:50
 Calculation UUID: a4df70ac-c894-43da-8ddd-0001c05b572a.
 ================================================================

 Number of MPI processes running on: 1920
 Running with 1 thread per MPI process.

 Input options
 -------------

dmqmc {
    sys = read_in {
        int_file = 'EIGENVALUES-CH4-ccpVDZ.FCIDUMP',
        nel = 8,
        ms = 0,
    },
    qmc = {
        tau = 0.001,
        mc_cycles = 10,
        nreports = 100,
        init_pop = 1E9,
        target_population = 1E9,
        state_size = -1000,
        spawned_state_size = -2000,
        real_amplitudes = true,
        initiator = true,
    },
    dmqmc = {
        beta_loops = 1,
        initiator_level = 2,
    },
    operators = {
        energy = true,
    },
}

 -------------

 Memory required for all two body integrals (MB) on each processor: 1
 It is left to the user to ensure that this does not exceed available resources.

 Basis functions
 ---------------

 Spin given in units of 1/2.

 index  spatial symmetry sym_index lz     ms       <i|f|i>
     1      1       0       1       0       1       -9.42955657E-01
     2      1       0       2       0      -1       -9.42955657E-01
     3      2       0       3       0       1       -5.43135832E-01
     4      2       0       4       0      -1       -5.43135832E-01
     5      3       1       1       0       1       -5.43135812E-01
     6      3       1       2       0      -1       -5.43135812E-01
     7      4       2       1       0       1       -5.43135812E-01
     8      4       2       2       0      -1       -5.43135812E-01
     9      5       0       5       0       1        1.93307454E-01
    10      5       0       6       0      -1        1.93307454E-01
    11      6       0       7       0       1        2.74374641E-01
    12      6       0       8       0      -1        2.74374641E-01
    13      7       1       3       0       1        2.74374641E-01
    14      7       1       4       0      -1        2.74374641E-01
    15      8       2       3       0       1        2.74374641E-01
    16      8       2       4       0      -1        2.74374641E-01
    17      9       1       5       0       1        5.89332678E-01
    18      9       1       6       0      -1        5.89332678E-01
    19     10       2       5       0       1        5.89332678E-01
    20     10       2       6       0      -1        5.89332678E-01
    21     11       0       9       0       1        5.89332701E-01
    22     11       0      10       0      -1        5.89332701E-01
    23     12       1       7       0       1        8.90267650E-01
    24     12       1       8       0      -1        8.90267650E-01
    25     13       2       7       0       1        8.90267650E-01
    26     13       2       8       0      -1        8.90267650E-01
    27     14       0      11       0       1        8.90267657E-01
    28     14       0      12       0      -1        8.90267657E-01
    29     15       0      13       0       1        9.36394707E-01
    30     15       0      14       0      -1        9.36394707E-01
    31     16       0      15       0       1        1.13184873E+00
    32     16       0      16       0      -1        1.13184873E+00
    33     17       3       1       0       1        1.13184875E+00
    34     17       3       2       0      -1        1.13184875E+00
    35     18       0      17       0       1        1.25677241E+00
    36     18       0      18       0      -1        1.25677241E+00
    37     19       3       3       0       1        1.68772702E+00
    38     19       3       4       0      -1        1.68772702E+00
    39     20       1       9       0       1        1.68772704E+00
    40     20       1      10       0      -1        1.68772704E+00
    41     21       2       9       0       1        1.68772704E+00
    42     21       2      10       0      -1        1.68772704E+00
    43     22       1      11       0       1        1.89580597E+00
    44     22       1      12       0      -1        1.89580597E+00
    45     23       2      11       0       1        1.89580597E+00
    46     23       2      12       0      -1        1.89580597E+00
    47     24       0      19       0       1        1.89580597E+00
    48     24       0      20       0      -1        1.89580597E+00
    49     25       0      21       0       1        2.21334880E+00
    50     25       0      22       0      -1        2.21334880E+00
    51     26       1      13       0       1        2.21334886E+00
    52     26       1      14       0      -1        2.21334886E+00
    53     27       2      13       0       1        2.21334886E+00
    54     27       2      14       0      -1        2.21334886E+00
    55     28       3       5       0       1        2.54708966E+00
    56     28       3       6       0      -1        2.54708966E+00
    57     29       0      23       0       1        2.54708971E+00
    58     29       0      24       0      -1        2.54708971E+00
    59     30       0      25       0       1        2.75562169E+00
    60     30       0      26       0      -1        2.75562169E+00
    61     31       0      27       0       1        2.79929864E+00
    62     31       0      28       0      -1        2.79929864E+00
    63     32       1      15       0       1        2.79929865E+00
    64     32       1      16       0      -1        2.79929865E+00
    65     33       2      15       0       1        2.79929865E+00
    66     33       2      16       0      -1        2.79929865E+00

 E_core =  -22.786970808359
 Number of electrons: 8
 Number of basis functions: 66

 Bit-length of integers used to store determinant bit-strings: 64
 Number of integers used to store determinant bit-strings: 2

 Symmetry information
 --------------------

 Number of point group symmetries: 4
 Not using Lz symmetry.
 Totally symmetric symmetry: 0
 The matrix below gives the direct products of the irreducible representations.

  0  1  2  3
  1  0  3  2
  2  3  0  1
  3  2  1  0

 The table below gives the number of basis functions spanning each irreducible representation.

 irrep  Lz   sym  nbasis  nbasis_up  nbasis_down
   0     0    0     28      14         14
   1     0    1     16       8          8
   2     0    2     16       8          8
   3     0    3      6       3          3


 Reference determinant and so symmetry sector selected using the Aufbau principle.
 Selected symmetry  0.

 DMQMC
 -----

 Memory allocated per core for main walker list (MB):   1000.00
 Number of elements per core in main walker list: 19230769
 Memory allocated per core for spawned walker lists (MB):   2000.00
 Number of elements per core in spawned walker list: 20833333

 spawned_walker_length is not a multiple of the number of processors.
 Increasing spawned_walker_length to 20833920.

 # Starting the excitation generator initialisation.
 # Finishing the excitation generator initialisation, time taken:  1.4960765839E-05
 -- Start JSON block --
 {
     "system": {
         "nbasis": 66,   
         "nel": 8,   
         "nvirt": 58,   
         "Ms": 0,   
         "nalpha": 4,   
         "nbeta": 4,   
         "nvirt_alpha": 29,   
         "nvirt_beta": 29,   
         "nsym": 3,   
         "sym0": 0,   
         "sym_max": 3,   
         "nsym_tot": 4,   
         "sym0_tot": 0,   
         "sym_max_tot": 3,   
         "symmetry": 0,   
         "tot_sym": false,   
         "aufbau_sym": true,   
         "max_number_excitations": 8,   
         "read_in": {
             "int_file":  "EIGENVALUES-CH4-ccpVDZ.FCIDUMP",   
             "uhf": false,   
             "Ecore": -22.78697081,   
             "CAS": [ -1, -1],
             "useLz": false,   
             "complex": false    
         }
     },
     "qmc": {
         "rng_seed": 1232372489,   
         "real_amplitudes": true,   
         "real_amplitude_force_32": false,   
         "spawn_cutoff": 0.01000000,   
         "excit_gen":  "renorm",   
         "pattempt_update": false,   
         "pattempt_zero_accum_data": false,   
         "pattempt_single": 0.01572197,   
         "pattempt_double": 0.98427803,   
         "pattempt_parallel": 0.00000000,   
         "tau": 0.00100000,   
         "tau_search": false,   
         "vary_shift_from": 0.00000000,   
         "vary_shift_from_proje": false,   
         "initial_shift": 0.00000000,   
         "shift_damping": 0.05000000,   
         "shift_harmonic_forcing": 0.00000000,   
         "shift_harmonic_crit_damp": false,   
         "walker_length": -1000,   
         "spawned_walker_length": -2000,   
         "D0_population": 1000000000.00000000,   
         "target_particles": 1000000000.00000000,   
         "target_reference": false,   
         "initiator_approx": true,   
         "initiator_pop": 3.00000000,   
         "ncycles": 10,   
         "nreport": 100,   
         "power_pitzer_min_weight": 0.01000000,   
         "quasi_newton": false,   
         "quasi_newton_threshold": 0.00000000,   
         "quasi_newton_value": 0.00000000,   
         "quasi_newton_pop_control": 1.00000000,   
         "use_mpi_barriers": false    
     },
     "dmqmc": {
         "beta_loops": 1,   
         "replica_tricks": false,   
         "start_av_rdm": 0,   
         "weighted_sampling": false,   
         "vary_weights": false,   
         "find_weights": false,   
         "find_weights_start": 0,   
         "calc_excit_dist": false,   
         "all_sym_sectors": false,   
         "all_spin_sectors": false,   
         "initiator_level": 2,   
         "symmetric_bloch": true,   
         "sampling_probs":  "[]",   
         "finish_varying_weights": 0,   
         "fermi_temperature": false,   
         "target_beta": 1.00000000,   
         "final_beta": -1.00000000,   
         "piecewise_shift": 0.00000000,   
         "walker_scale_factor": 0.00000000,   
         "mom_dist_kmax": 0.00000000,   
         "struc_fac_qmax": 0.00000000    
     },
     "ipdmqmc": {
         "ipdmqmc": false,   
         "initial_matrix":  "hartree_fock",   
         "grand_canonical_initialisation": false,   
         "count_diagonal_occupations": false,   
         "skip_gci_reference_check": false,   
         "symmetric_interaction_picture": true,   
         "chem_pot": [0.00000000,0.00000000],
         "metropolis_attempts": 0    
     },
     "rdm": {
         "nrdms": 0,   
         "spawned_length": 0,   
         "doing_rdm": false,   
         "calc_ground_rdm": false,   
         "calc_inst_rdm": false,   
         "doing_concurrence": false,   
         "doing_vn_entropy": false,   
         "output_rdm": false    
     },
     "operators": {
         "energy": true,   
         "energy_squared": false,   
         "kinetic_energy": false,   
         "potential_energy": false,   
         "H0_energy": false,   
         "HI_energy": false,   
         "ref_projected_energy": false,   
         "correlation_fn": false,   
         "staggered_mad_ind": false,   
         "rdm_r2": false,   
         "full_r2": false,   
         "mom_dist": false    
     },
     "restart": {
         "read_restart": false,   
         "read_id": 2147483647,   
         "write_restart": false,   
         "write_id": 2147483647,   
         "write_freq": 2147483647,   
         "write_restart_shift": false,   
         "write_shift_id": 2147483647,   
         "restart_rng": true    
     },
     "load balancing": {
         "nslots": 1,   
         "pop": 1000,   
         "percent": 0.05000000,   
         "max_attempts": 2,   
         "write_info": false    
     },
     "reference": {
         "det": [ 1, 2, 3, 4, 5, 6, 7, 8],
         "det_ms": 0,   
         "det_symmetry": 0,   
         "H00": -40.19868633,   
         "F0": -5.14472622,   
         "hilbert_space_det": [ 1, 2, 3, 4, 5, 6, 7, 8],
         "hilbert_space_det_ms": 0,   
         "hilbert_space_det_symmetry": 0,   
         "ex_level": 8    
     }
 }
 -- End JSON block --

 Information printed out every QMC report loop:

 Shift: the energy offset calculated at the end of the report loop.
 Trace: The current total population on the diagonal elements of the density matrix.
 \sum\rho_{ij}H_{ji}: The numerator of the estimator for the expectation value of the energy.
 # particles: current total population of Hamiltonian particles.
 # states: number of many-particle states occupied.
 # spawn_events: number of successful spawning events across all processors.
 R_spawn: average rate of spawning across all processors.
 time: average time per Monte Carlo cycle.

 Note that all particle populations are averaged over the report loop.

 #     iterations   Instant shift         Trace                 \sum\rho_{ij}H_{ji}   # particles                # states  # spawn_events   R_spawn    time   
 # Initial diagonal density matrix element(s): 380226148
                0  -8.6676485968E-01      1.0000000000E+09     -2.7800863903E+10      1.0000000000E+09          675732880      1415677852    0.3056    1.9809 
               10  -1.6299224288E+00      8.8299167660E+08     -2.4608724764E+10      1.1892858155E+09          971302084      1655137594    0.3062    2.0875 
               20  -2.2625654085E+00      7.7340102948E+08     -2.1607796378E+10      1.3853938754E+09         1249609743      1885226558    0.3067    2.4427 
               30  -2.7661533272E+00      6.7265684435E+08     -1.8839569806E+10      1.5722584387E+09         1498486755      2091900486    0.3071    2.7663 
               40  -3.1529440303E+00      5.8169851428E+08     -1.6332233394E+10      1.7388616334E+09         1706695946     -2147483648    0.3074    3.0570 
               50  -3.4379317819E+00      5.0083334153E+08     -1.4096398355E+10      1.8787164533E+09         1869898968     -2147483648    0.3076    3.3035 
               60  -3.6358604066E+00      4.2981650679E+08     -1.2127290623E+10      1.9889092171E+09         1991130936     -2147483648    0.3079    3.4462 
               70  -3.7601498105E+00      3.6806430721E+08     -1.0410417519E+10      2.0692207380E+09         2072818219     -2147483648    0.3080    3.5967 
               80  -3.8225620318E+00      3.1476655660E+08     -8.9247139241E+09      2.1213018112E+09         2119369997     -2147483648    0.3082    3.6916 
               90  -3.8329812119E+00      2.6904259595E+08     -7.6468887038E+09      2.1479467941E+09         2136336638     -2147483648    0.3083    3.7153 
              100  -3.8000378985E+00      2.2997409076E+08     -6.5523622949E+09      2.1524274298E+09         2129536196     -2147483648    0.3084    3.6358 
              110  -3.7310333152E+00      1.9670636913E+08     -5.6180941070E+09      2.1382924280E+09         2104303698     -2147483648    0.3085    3.6228 
              120  -3.6320690452E+00      1.6842061184E+08     -4.8218806865E+09      2.1089847341E+09         2065143562     -2147483648    0.3085    3.5424 
              130  -3.5084798997E+00      1.4441194835E+08     -4.1444468715E+09      2.0676523000E+09         2015790646     -2147483648    0.3086    3.4479 
              140  -3.3644980521E+00      1.2403251405E+08     -3.5681347235E+09      2.0171708894E+09         1959112037     -2147483648    0.3086    3.4118 
              150  -3.2041538523E+00      1.0672700810E+08     -3.0776601661E+09      1.9599120708E+09         1897557328     -2147483648    0.3086    3.2776 
              160  -3.0306502219E+00      9.2043933357E+07     -2.6605678307E+09      1.8980570743E+09         1832980817     -2147483648    0.3086    3.1569 
              170  -2.8468158044E+00      7.9560368896E+07     -2.3051839749E+09      1.8333227749E+09         1766884978     -2147483648    0.3087    3.0698 
              180  -2.6550096559E+00      6.8941710961E+07     -2.0022532388E+09      1.7671413083E+09         1700427610      2084071393    0.3087    2.9323 
              190  -2.4572689124E+00      5.9893732305E+07     -1.7435668993E+09      1.7006353749E+09         1634512271      2003865617    0.3087    2.8565 
              200  -2.2553258281E+00      5.2166205433E+07     -1.5221820939E+09      1.6346909785E+09         1569823247      1925080735    0.3087    2.7362 
              210  -2.0506798966E+00      4.5558421019E+07     -1.3324856180E+09      1.5699835877E+09         1506874977      1848309522    0.3087    2.6147 
              220  -1.8446736002E+00      3.9900294639E+07     -1.1697140032E+09      1.5070226951E+09         1446054594      1774080680    0.3087    2.4974 
              230  -1.6382436034E+00      3.5040361817E+07     -1.0296221116E+09      1.4461931932E+09         1387569943      1702662748    0.3087    2.4098 
              240  -1.4325440807E+00      3.0856832031E+07     -9.0878516710E+08      1.3877014159E+09         1331643602      1634273164    0.3087    2.3124 
              250  -1.2283806759E+00      2.7248734256E+07     -8.0436755549E+08      1.3317699089E+09         1278363778      1569137807    0.3087    2.2338 
              260  -1.0263580126E+00      2.4128919285E+07     -7.1389372973E+08      1.2784854500E+09         1227740942      1507191418    0.3086    2.1074 
              270  -8.2704338326E-01      2.1425320173E+07     -6.3533775716E+08      1.2278585091E+09         1179760803      1448410348    0.3086    2.0667 
              280  -6.3097084853E-01      1.9077516255E+07     -5.6699846982E+08      1.1798752076E+09         1134390756      1392907903    0.3086    1.9764 
              290  -4.3849096622E-01      1.7033823780E+07     -5.0740289086E+08      1.1345024329E+09         1091549411      1340437886    0.3086    1.8863 
              300  -2.4995529442E-01      1.5247974420E+07     -4.5522952832E+08      1.0916586024E+09         1051154375      1290916258    0.3086    1.8300 
              310  -6.5579574313E-02      1.3685679354E+07     -4.0949901952E+08      1.0512616969E+09         1013096701      1244242248    0.3086    1.7630 
              320   1.1416121295E-01      1.2314638763E+07     -3.6929011468E+08      1.0132023058E+09          977322405      1200351541    0.3086    1.6914 
              330   2.8923504032E-01      1.1109294222E+07     -3.3387748504E+08      9.7742644055E+08          943691570      1159192739    0.3086    1.6614 
              340   4.5957378069E-01      1.0046660757E+07     -3.0260925127E+08      9.4379432931E+08          912081315      1120385531    0.3086    1.5886 
              350   6.2497540995E-01      9.1081313499E+06     -2.7493805534E+08      9.1218290422E+08          882400388      1083951955    0.3086    1.5583 
              360   7.8553138627E-01      8.2754406481E+06     -2.5034850633E+08      8.8250124272E+08          854512874      1049744945    0.3086    1.4848 
              370   9.4132009515E-01      7.5381887482E+06     -2.2854148014E+08      8.5461322804E+08          828296140      1017597572    0.3085    1.5083 
              380   1.0920211306E+00      6.8811102285E+06     -2.0906796127E+08      8.2839596606E+08          803700904       987402924    0.3085    1.3939 
              390   1.2378422125E+00      6.2966692360E+06     -1.9171987547E+08      8.0380045885E+08          780597509       959065142    0.3085    1.3704 
              400   1.3785504054E+00      5.7739959077E+06     -1.7617819856E+08      7.8069678614E+08          758933772       932517843    0.3085    1.3259 
              410   1.5142790284E+00      5.3052714456E+06     -1.6221724132E+08      7.5903295687E+08          738606214       907548602    0.3085    1.3122 
              420   1.6451010988E+00      4.8848097710E+06     -1.4967567518E+08      7.3870560585E+08          719528974       884147837    0.3085    1.2553 
              430   1.7710944268E+00      4.5080481106E+06     -1.3841868480E+08      7.1962846588E+08          701621620       862173040    0.3085    1.2226 
              440   1.8922226814E+00      4.1668512341E+06     -1.2820684580E+08      7.0172135401E+08          684825655       841547593    0.3085    1.2191 
              450   2.0085970140E+00      3.8594147693E+06     -1.1899188064E+08      6.8492595854E+08          669067553       822248489    0.3085    1.1620 
              460   2.1204422585E+00      3.5806483705E+06     -1.1062276043E+08      6.6916848615E+08          654264423       804060666    0.3085    1.1542 
              470   2.2276573163E+00      3.3296137803E+06     -1.0307647543E+08      6.5436599956E+08          640381371       787018075    0.3085    1.1167 
              480   2.3304629576E+00      3.1003760625E+06     -9.6175065060E+07      6.4048379196E+08          627345577       771036113    0.3085    1.0940 
              490   2.4290466701E+00      2.8929855911E+06     -8.9921691036E+07      6.2744918488E+08          615094383       755943406    0.3085    1.0911 
              500   2.5232419437E+00      2.7025512565E+06     -8.4171713799E+07      6.1519909367E+08          603612079       741859995    0.3085    1.0549 
              510   2.6133431249E+00      2.5287770856E+06     -7.8913992297E+07      6.0371781209E+08          592829004       728679534    0.3085    1.0298 
              520   2.6994956106E+00      2.3702932538E+06     -7.4113692559E+07      5.9293611066E+08          582698386       716261188    0.3085    1.0526 
              530   2.7817097380E+00      2.2250865081E+06     -6.9711961901E+07      5.8280704175E+08          573192272       704548614    0.3085    1.0030 
              540   2.8599492586E+00      2.0921469999E+06     -6.5673977908E+07      5.7330240297E+08          564289525       693648073    0.3085    0.9890 
              550   2.9345834801E+00      1.9696407516E+06     -6.1948626952E+07      5.6440124579E+08          555925416       683420336    0.3085    1.0023 
              560   3.0055730768E+00      1.8574018399E+06     -5.8530180211E+07      5.5603908190E+08          548084423       673787801    0.3085    0.9659 
              570   3.0731305924E+00      1.7536508377E+06     -5.5366230416E+07      5.4820026300E+08          540724875       664777576    0.3085    0.9580 
              580   3.1371985084E+00      1.6569277295E+06     -5.2412513110E+07      5.4084306875E+08          533836476       656339676    0.3085    0.9835 
              590   3.1979536998E+00      1.5686700320E+06     -4.9714036039E+07      5.3395714199E+08          527384955       648447169    0.3085    0.9294 
              600   3.2555005342E+00      1.4864508722E+06     -4.7196755483E+07      5.2750826792E+08          521345567       641011047    0.3085    0.9326 
              610   3.3098027822E+00      1.4102637118E+06     -4.4860517987E+07      5.2147178642E+08          515709604       634100901    0.3085    0.9508 
              620   3.3611294455E+00      1.3398794770E+06     -4.2699305277E+07      5.1583901096E+08          510437965       627646300    0.3085    0.9322 
              630   3.4094570433E+00      1.2743562913E+06     -4.0683465486E+07      5.1057083796E+08          505522979       621638449    0.3085    0.8899 
              640   3.4551793354E+00      1.2134816243E+06     -3.8809414176E+07      5.0565967822E+08          500916094       616013983    0.3086    0.9225 
              650   3.4981046724E+00      1.1567377930E+06     -3.7059604759E+07      5.0105677194E+08          496628561       610758812    0.3086    0.8599 
              660   3.5382895231E+00      1.1034687312E+06     -3.5416579028E+07      4.9677357784E+08          492647488       605870918    0.3086    0.8484 
              670   3.5761430016E+00      1.0539760925E+06     -3.3887610587E+07      4.9279702455E+08          488925778       601338824    0.3086    0.8909 
              680   3.6114295743E+00      1.0078234652E+06     -3.2460177510E+07      4.8908029511E+08          485480717       597105522    0.3086    0.8199 
              690   3.6443517762E+00      9.6447849273E+05     -3.1118172423E+07      4.8564085252E+08          482287544       593223326    0.3086    0.8216 
              700   3.6748115665E+00      9.2364457326E+05     -2.9851645705E+07      4.8245368366E+08          479350630       589660460    0.3086    0.8410 
              710   3.7031283069E+00      8.8513515926E+05     -2.8656892280E+07      4.7952353029E+08          476635701       586377724    0.3086    0.8267 
              720   3.7293698028E+00      8.4883702715E+05     -2.7529117618E+07      4.7681549713E+08          474132312       583277966    0.3086    0.8109 
              730   3.7535237230E+00      8.1546497478E+05     -2.6490757588E+07      4.7431958214E+08          471838558       580494368    0.3086    0.8179 
              740   3.7756798507E+00      7.8358997151E+05     -2.5498150190E+07      4.7203377224E+08          469742948       577974797    0.3086    0.7899 
              750   3.7959555844E+00      7.5377882481E+05     -2.4568524378E+07      4.6994671167E+08          467831983       575641944    0.3086    0.7811 
              760   3.8142969222E+00      7.2546363935E+05     -2.3684679955E+07      4.6804486753E+08          466108472       573562176    0.3086    0.8051 
              770   3.8308091287E+00      6.9891907432E+05     -2.2855756928E+07      4.6633109893E+08          464560684       571662809    0.3087    0.8073 
              780   3.8456897693E+00      6.7376190324E+05     -2.2068368300E+07      4.6479360798E+08          463168343       570016686    0.3087    0.8126 
              790   3.8588760319E+00      6.5009413194E+05     -2.1327347657E+07      4.6341237902E+08          461936222       568526183    0.3087    0.7802 
              800   3.8706014398E+00      6.2775246940E+05     -2.0626575756E+07      4.6219185368E+08          460841353       567217363    0.3087    0.8063 
              810   3.8807237087E+00      6.0615569105E+05     -1.9949202667E+07      4.6110924598E+08          459895976       566090646    0.3087    0.7762 
              820   3.8893508737E+00      5.8583793932E+05     -1.9311251626E+07      4.6017669590E+08          459089199       565148217    0.3087    0.7863 
              830   3.8966280992E+00      5.6673006332E+05     -1.8710255668E+07      4.5938337645E+08          458407205       564345382    0.3087    0.7651 
              840   3.9025508380E+00      5.4840581369E+05     -1.8133256483E+07      4.5871525549E+08          457849408       563702697    0.3087    0.7986 
              850   3.9071734784E+00      5.3142186369E+05     -1.7598568166E+07      4.5817220706E+08          457410591       563219799    0.3087    0.7695 
              860   3.9105793737E+00      5.1491847319E+05     -1.7077661488E+07      4.5774880973E+08          457082725       562858929    0.3088    0.7639 
              870   3.9128085130E+00      4.9903773075E+05     -1.6576067629E+07      4.5743710700E+08          456862090       562613973    0.3088    0.7645 
              880   3.9138269177E+00      4.8396213351E+05     -1.6098976761E+07      4.5723321426E+08          456751589       562526090    0.3088    0.8097 
              890   3.9138593387E+00      4.6974430027E+05     -1.5649345450E+07      4.5714009405E+08          456730619       562539370    0.3088    0.7759 
              900   3.9128179242E+00      4.5595527849E+05     -1.5212638276E+07      4.5713712987E+08          456807245       562678771    0.3088    0.7767 
              910   3.9107330707E+00      4.4282134889E+05     -1.4796927011E+07      4.5723235364E+08          456978797       562936293    0.3088    0.7779 
              920   3.9076054470E+00      4.3076869800E+05     -1.4414228017E+07      4.5742304588E+08          457245242       563339898    0.3088    0.7967 
              930   3.9035184755E+00      4.1891686274E+05     -1.4037976724E+07      4.5770926482E+08          457599394       563794970    0.3088    0.7681 
              940   3.8985865887E+00      4.0768066090E+05     -1.3680662430E+07      4.5808354671E+08          458030661       564357660    0.3088    0.7832 
              950   3.8928355529E+00      3.9677756767E+05     -1.3333491105E+07      4.5853561287E+08          458537006       565042128    0.3088    0.7835 
              960   3.8861799895E+00      3.8676012610E+05     -1.3013868377E+07      4.5906332724E+08          459126580       565823652    0.3089    0.7771 
              970   3.8788946140E+00      3.7694568329E+05     -1.2701223618E+07      4.5967479914E+08          459774571       566669169    0.3089    0.7663 
              980   3.8707156978E+00      3.6771184618E+05     -1.2406776570E+07      4.6034506804E+08          460505357       567623739    0.3089    0.7773 
              990   3.8619567985E+00      3.5835025930E+05     -1.2107695101E+07      4.6109870902E+08          461290462       568637296    0.3089    0.8195 
             1000   3.8524714061E+00      3.4951500998E+05     -1.1824744167E+07      4.6190716035E+08          462143911       569743565    0.3089    0.8003 

 Load balancing
 ^^^^^^^^^^^^^^

 The final distribution of walkers and determinants across the processors was:

 Min # of particles on a processor:       2.395570E+05
 Max # of particles on a processor:       2.425629E+05
 Mean # of particles on a processor:      2.410335E+05

 Min # of determinants on a processor:   239219
 Max # of determinants on a processor:   242215
 Mean # of determinants on a processor:   2.407000E+05

 Min time taken by walker communication:       445.78s
 Max time taken by walker communication:       517.15s
 Mean time taken by walker communication:      495.13s

 Timing breakdown
 ----------------

 Time for each calculation section (seconds):

 Generic system initialisation: .24
 DMQMC calculation            : 1570.93

 ================================================================
 Finished running on 13/08/2022 at 21:45:26
 Wall time (seconds):                        1596.25
 CPU time (per processor, seconds):          1571.47
 ================================================================

