
   HANDE

 ================================================================
Version information
-------------------
Version       | v1.5-196-gb9630a5
Commit hash   | b9630a5380291831d19d4bbba843b8012f8a8829
Commit author | Andreea Filip
Commit date   | Mon May 2 16:28:36 2022 +0100
Branch        | main

Configuration and build information
-----------------------------------
Who compiled             | vanben
Compilation hostname     | cori09
Operating system         | Linux-5.3.18-24.96-default
CMake version            | 3.22.1
CMake generator          | Unix Makefiles
Build type               | release
Configuration time       | 2022-05-03 00:51:21 [UTC]
Python version           | 3.9.7
Fortran compiler         | /opt/cray/pe/craype/2.7.10/bin/ftn
C compiler               | /opt/cray/pe/craype/2.7.10/bin/cc
DET_SIZE set to          | 64
POP_SIZE set to          | 64
dSFMT Mersenne exponent  | 19937
MPI parallelization      | ON
MPI launcher             | /usr/lib64/mpi/gcc/openmpi/bin/mpirun
OpenMP parallelization   | OFF
Lua version              | 5.3.5
HDF5 library version     | 

Further components
------------------
DISABLE_HDF5 not defined.  HDF5 enabled.
DISABLE_UUID not defined.  UUID enabled.
PARALLEL defined.  MPI parallelization enabled.
DISABLE_MPI3 not defined.  MPI-3 functionality enabled.
PARALLEL defined. DISABLE_MPI3 and ENABLE_SHMEM_POSIX not defined. MPI-3 in use.
DISABLE_SCALAPACK not defined.  ScaLAPACK enabled.
SINGLE_PRECISION not defined.  Double precision used throughout.
USE_POPCNT not defined. Internal POPCNT procedure used.

Runtime information
-------------------
Hostname:
    nid00738
Current working dir:
    /global/u1/v/vanben/PIP_calculations/CH4_DMQMC
Started running on 13/08/2022 at 21:45:33
 Calculation UUID: e89c58e8-a4f6-4814-a72c-6aec5b84ab93.
 ================================================================

 Number of MPI processes running on: 1920
 Running with 1 thread per MPI process.

 Input options
 -------------

dmqmc {
    sys = read_in {
        int_file = 'EIGENVALUES-CH4-ccpVDZ.FCIDUMP',
        nel = 8,
        ms = 0,
    },
    qmc = {
        tau = 0.001,
        mc_cycles = 10,
        nreports = 100,
        init_pop = 1E9,
        target_population = 1E9,
        state_size = -1000,
        spawned_state_size = -2000,
        real_amplitudes = true,
        initiator = true,
    },
    dmqmc = {
        beta_loops = 1,
        initiator_level = 2,
    },
    operators = {
        energy = true,
    },
}

 -------------

 Memory required for all two body integrals (MB) on each processor: 1
 It is left to the user to ensure that this does not exceed available resources.

 Basis functions
 ---------------

 Spin given in units of 1/2.

 index  spatial symmetry sym_index lz     ms       <i|f|i>
     1      1       0       1       0       1       -9.42955657E-01
     2      1       0       2       0      -1       -9.42955657E-01
     3      2       0       3       0       1       -5.43135832E-01
     4      2       0       4       0      -1       -5.43135832E-01
     5      3       1       1       0       1       -5.43135812E-01
     6      3       1       2       0      -1       -5.43135812E-01
     7      4       2       1       0       1       -5.43135812E-01
     8      4       2       2       0      -1       -5.43135812E-01
     9      5       0       5       0       1        1.93307454E-01
    10      5       0       6       0      -1        1.93307454E-01
    11      6       0       7       0       1        2.74374641E-01
    12      6       0       8       0      -1        2.74374641E-01
    13      7       1       3       0       1        2.74374641E-01
    14      7       1       4       0      -1        2.74374641E-01
    15      8       2       3       0       1        2.74374641E-01
    16      8       2       4       0      -1        2.74374641E-01
    17      9       1       5       0       1        5.89332678E-01
    18      9       1       6       0      -1        5.89332678E-01
    19     10       2       5       0       1        5.89332678E-01
    20     10       2       6       0      -1        5.89332678E-01
    21     11       0       9       0       1        5.89332701E-01
    22     11       0      10       0      -1        5.89332701E-01
    23     12       1       7       0       1        8.90267650E-01
    24     12       1       8       0      -1        8.90267650E-01
    25     13       2       7       0       1        8.90267650E-01
    26     13       2       8       0      -1        8.90267650E-01
    27     14       0      11       0       1        8.90267657E-01
    28     14       0      12       0      -1        8.90267657E-01
    29     15       0      13       0       1        9.36394707E-01
    30     15       0      14       0      -1        9.36394707E-01
    31     16       0      15       0       1        1.13184873E+00
    32     16       0      16       0      -1        1.13184873E+00
    33     17       3       1       0       1        1.13184875E+00
    34     17       3       2       0      -1        1.13184875E+00
    35     18       0      17       0       1        1.25677241E+00
    36     18       0      18       0      -1        1.25677241E+00
    37     19       3       3       0       1        1.68772702E+00
    38     19       3       4       0      -1        1.68772702E+00
    39     20       1       9       0       1        1.68772704E+00
    40     20       1      10       0      -1        1.68772704E+00
    41     21       2       9       0       1        1.68772704E+00
    42     21       2      10       0      -1        1.68772704E+00
    43     22       1      11       0       1        1.89580597E+00
    44     22       1      12       0      -1        1.89580597E+00
    45     23       2      11       0       1        1.89580597E+00
    46     23       2      12       0      -1        1.89580597E+00
    47     24       0      19       0       1        1.89580597E+00
    48     24       0      20       0      -1        1.89580597E+00
    49     25       0      21       0       1        2.21334880E+00
    50     25       0      22       0      -1        2.21334880E+00
    51     26       1      13       0       1        2.21334886E+00
    52     26       1      14       0      -1        2.21334886E+00
    53     27       2      13       0       1        2.21334886E+00
    54     27       2      14       0      -1        2.21334886E+00
    55     28       3       5       0       1        2.54708966E+00
    56     28       3       6       0      -1        2.54708966E+00
    57     29       0      23       0       1        2.54708971E+00
    58     29       0      24       0      -1        2.54708971E+00
    59     30       0      25       0       1        2.75562169E+00
    60     30       0      26       0      -1        2.75562169E+00
    61     31       0      27       0       1        2.79929864E+00
    62     31       0      28       0      -1        2.79929864E+00
    63     32       1      15       0       1        2.79929865E+00
    64     32       1      16       0      -1        2.79929865E+00
    65     33       2      15       0       1        2.79929865E+00
    66     33       2      16       0      -1        2.79929865E+00

 E_core =  -22.786970808359
 Number of electrons: 8
 Number of basis functions: 66

 Bit-length of integers used to store determinant bit-strings: 64
 Number of integers used to store determinant bit-strings: 2

 Symmetry information
 --------------------

 Number of point group symmetries: 4
 Not using Lz symmetry.
 Totally symmetric symmetry: 0
 The matrix below gives the direct products of the irreducible representations.

  0  1  2  3
  1  0  3  2
  2  3  0  1
  3  2  1  0

 The table below gives the number of basis functions spanning each irreducible representation.

 irrep  Lz   sym  nbasis  nbasis_up  nbasis_down
   0     0    0     28      14         14
   1     0    1     16       8          8
   2     0    2     16       8          8
   3     0    3      6       3          3


 Reference determinant and so symmetry sector selected using the Aufbau principle.
 Selected symmetry  0.

 DMQMC
 -----

 Memory allocated per core for main walker list (MB):   1000.00
 Number of elements per core in main walker list: 19230769
 Memory allocated per core for spawned walker lists (MB):   2000.00
 Number of elements per core in spawned walker list: 20833333

 spawned_walker_length is not a multiple of the number of processors.
 Increasing spawned_walker_length to 20833920.

 # Starting the excitation generator initialisation.
 # Finishing the excitation generator initialisation, time taken:  1.2993812561E-05
 -- Start JSON block --
 {
     "system": {
         "nbasis": 66,   
         "nel": 8,   
         "nvirt": 58,   
         "Ms": 0,   
         "nalpha": 4,   
         "nbeta": 4,   
         "nvirt_alpha": 29,   
         "nvirt_beta": 29,   
         "nsym": 3,   
         "sym0": 0,   
         "sym_max": 3,   
         "nsym_tot": 4,   
         "sym0_tot": 0,   
         "sym_max_tot": 3,   
         "symmetry": 0,   
         "tot_sym": false,   
         "aufbau_sym": true,   
         "max_number_excitations": 8,   
         "read_in": {
             "int_file":  "EIGENVALUES-CH4-ccpVDZ.FCIDUMP",   
             "uhf": false,   
             "Ecore": -22.78697081,   
             "CAS": [ -1, -1],
             "useLz": false,   
             "complex": false    
         }
     },
     "qmc": {
         "rng_seed": 1937077596,   
         "real_amplitudes": true,   
         "real_amplitude_force_32": false,   
         "spawn_cutoff": 0.01000000,   
         "excit_gen":  "renorm",   
         "pattempt_update": false,   
         "pattempt_zero_accum_data": false,   
         "pattempt_single": 0.01572197,   
         "pattempt_double": 0.98427803,   
         "pattempt_parallel": 0.00000000,   
         "tau": 0.00100000,   
         "tau_search": false,   
         "vary_shift_from": 0.00000000,   
         "vary_shift_from_proje": false,   
         "initial_shift": 0.00000000,   
         "shift_damping": 0.05000000,   
         "shift_harmonic_forcing": 0.00000000,   
         "shift_harmonic_crit_damp": false,   
         "walker_length": -1000,   
         "spawned_walker_length": -2000,   
         "D0_population": 1000000000.00000000,   
         "target_particles": 1000000000.00000000,   
         "target_reference": false,   
         "initiator_approx": true,   
         "initiator_pop": 3.00000000,   
         "ncycles": 10,   
         "nreport": 100,   
         "power_pitzer_min_weight": 0.01000000,   
         "quasi_newton": false,   
         "quasi_newton_threshold": 0.00000000,   
         "quasi_newton_value": 0.00000000,   
         "quasi_newton_pop_control": 1.00000000,   
         "use_mpi_barriers": false    
     },
     "dmqmc": {
         "beta_loops": 1,   
         "replica_tricks": false,   
         "start_av_rdm": 0,   
         "weighted_sampling": false,   
         "vary_weights": false,   
         "find_weights": false,   
         "find_weights_start": 0,   
         "calc_excit_dist": false,   
         "all_sym_sectors": false,   
         "all_spin_sectors": false,   
         "initiator_level": 2,   
         "symmetric_bloch": true,   
         "sampling_probs":  "[]",   
         "finish_varying_weights": 0,   
         "fermi_temperature": false,   
         "target_beta": 1.00000000,   
         "final_beta": -1.00000000,   
         "piecewise_shift": 0.00000000,   
         "walker_scale_factor": 0.00000000,   
         "mom_dist_kmax": 0.00000000,   
         "struc_fac_qmax": 0.00000000    
     },
     "ipdmqmc": {
         "ipdmqmc": false,   
         "initial_matrix":  "hartree_fock",   
         "grand_canonical_initialisation": false,   
         "count_diagonal_occupations": false,   
         "skip_gci_reference_check": false,   
         "symmetric_interaction_picture": true,   
         "chem_pot": [0.00000000,0.00000000],
         "metropolis_attempts": 0    
     },
     "rdm": {
         "nrdms": 0,   
         "spawned_length": 0,   
         "doing_rdm": false,   
         "calc_ground_rdm": false,   
         "calc_inst_rdm": false,   
         "doing_concurrence": false,   
         "doing_vn_entropy": false,   
         "output_rdm": false    
     },
     "operators": {
         "energy": true,   
         "energy_squared": false,   
         "kinetic_energy": false,   
         "potential_energy": false,   
         "H0_energy": false,   
         "HI_energy": false,   
         "ref_projected_energy": false,   
         "correlation_fn": false,   
         "staggered_mad_ind": false,   
         "rdm_r2": false,   
         "full_r2": false,   
         "mom_dist": false    
     },
     "restart": {
         "read_restart": false,   
         "read_id": 2147483647,   
         "write_restart": false,   
         "write_id": 2147483647,   
         "write_freq": 2147483647,   
         "write_restart_shift": false,   
         "write_shift_id": 2147483647,   
         "restart_rng": true    
     },
     "load balancing": {
         "nslots": 1,   
         "pop": 1000,   
         "percent": 0.05000000,   
         "max_attempts": 2,   
         "write_info": false    
     },
     "reference": {
         "det": [ 1, 2, 3, 4, 5, 6, 7, 8],
         "det_ms": 0,   
         "det_symmetry": 0,   
         "H00": -40.19868633,   
         "F0": -5.14472622,   
         "hilbert_space_det": [ 1, 2, 3, 4, 5, 6, 7, 8],
         "hilbert_space_det_ms": 0,   
         "hilbert_space_det_symmetry": 0,   
         "ex_level": 8    
     }
 }
 -- End JSON block --

 Information printed out every QMC report loop:

 Shift: the energy offset calculated at the end of the report loop.
 Trace: The current total population on the diagonal elements of the density matrix.
 \sum\rho_{ij}H_{ji}: The numerator of the estimator for the expectation value of the energy.
 # particles: current total population of Hamiltonian particles.
 # states: number of many-particle states occupied.
 # spawn_events: number of successful spawning events across all processors.
 R_spawn: average rate of spawning across all processors.
 time: average time per Monte Carlo cycle.

 Note that all particle populations are averaged over the report loop.

 #     iterations   Instant shift         Trace                 \sum\rho_{ij}H_{ji}   # particles                # states  # spawn_events   R_spawn    time   
 # Initial diagonal density matrix element(s): 380228928
                0  -8.6683869202E-01      1.0000000000E+09     -2.7800901272E+10      1.0000000000E+09          675754794      1415708374    0.3056    1.9857 
               10  -1.6299140037E+00      8.8299698577E+08     -2.4608930193E+10      1.1893033772E+09          971305718      1655120851    0.3062    2.1033 
               20  -2.2628338566E+00      7.7340296905E+08     -2.1607900755E+10      1.3853915410E+09         1249701379      1885330278    0.3067    2.4708 
               30  -2.7664679953E+00      6.7266082128E+08     -1.8839738027E+10      1.5723428549E+09         1498605510      2092023170    0.3070    2.7648 
               40  -3.1532759021E+00      5.8170578053E+08     -1.6332475369E+10      1.7389710697E+09         1706830012     -2147483648    0.3074    3.0440 
               50  -3.4381447635E+00      5.0083439434E+08     -1.4096463126E+10      1.8788411560E+09         1869991539     -2147483648    0.3076    3.2922 
               60  -3.6360768954E+00      4.2982182242E+08     -1.2127461148E+10      1.9889939392E+09         1991226102     -2147483648    0.3079    3.4665 
               70  -3.7603859251E+00      3.6805953604E+08     -1.0410280555E+10      2.0693103326E+09         2072921913     -2147483648    0.3080    3.5890 
               80  -3.8227457819E+00      3.1477087762E+08     -8.9248227530E+09      2.1214019876E+09         2119450457     -2147483648    0.3082    3.6734 
               90  -3.8331983536E+00      2.6904316263E+08     -7.6469053706E+09      2.1480257326E+09         2136430828     -2147483648    0.3083    3.6969 
              100  -3.8002603133E+00      2.2997262846E+08     -6.5523299656E+09      2.1525209082E+09         2129630738     -2147483648    0.3084    3.7391 
              110  -3.7312562022E+00      1.9668884839E+08     -5.6176252531E+09      2.1383875478E+09         2104396708     -2147483648    0.3085    3.6209 
              120  -3.6323062863E+00      1.6840207775E+08     -4.8213605712E+09      2.1090787493E+09         2065240582     -2147483648    0.3085    3.5763 
              130  -3.5086319160E+00      1.4438705507E+08     -4.1437874107E+09      2.0677504087E+09         2015851238     -2147483648    0.3086    3.4825 
              140  -3.3648008977E+00      1.2401123625E+08     -3.5675697814E+09      2.0172322189E+09         1959230342     -2147483648    0.3086    3.4153 
              150  -3.2044034951E+00      1.0671428072E+08     -3.0773187367E+09      1.9600307846E+09         1897651664     -2147483648    0.3086    3.2724 
              160  -3.0308428164E+00      9.2027196810E+07     -2.6601178450E+09      1.8981518439E+09         1833050863     -2147483648    0.3086    3.1666 
              170  -2.8469798334E+00      7.9541095919E+07     -2.3046686600E+09      1.8333933938E+09         1766942839     -2147483648    0.3087    3.0718 
              180  -2.6549998160E+00      6.8924113719E+07     -2.0017675841E+09      1.7671992817E+09         1700424190      2084001462    0.3087    2.9646 
              190  -2.4573108032E+00      5.9878020214E+07     -1.7431385329E+09      1.7006320281E+09         1634525613      2003841154    0.3087    2.8580 
              200  -2.2552292200E+00      5.2155398794E+07     -1.5218881097E+09      1.6347046742E+09         1569793067      1924992966    0.3087    2.7315 
              210  -2.0505189695E+00      4.5552482089E+07     -1.3323200620E+09      1.5699532534E+09         1506826354      1848281822    0.3087    2.6062 
              220  -1.8444731480E+00      3.9891000364E+07     -1.1694445191E+09      1.5069741917E+09         1445996361      1774021874    0.3087    2.4828 
              230  -1.6380830219E+00      3.5034358048E+07     -1.0294441748E+09      1.4461352158E+09         1387524886      1702566764    0.3087    2.3917 
              240  -1.4323689958E+00      3.0854920002E+07     -9.0872459309E+08      1.3876568487E+09         1331596976      1634196119    0.3087    2.3255 
              250  -1.2282443257E+00      2.7248114886E+07     -8.0433637390E+08      1.3317232752E+09         1278328681      1569077707    0.3087    2.2247 
              260  -1.0262814530E+00      2.4129048750E+07     -7.1389005605E+08      1.2784505862E+09         1227721816      1507157093    0.3086    2.1074 
              270  -8.2693664808E-01      2.1428281121E+07     -6.3542391043E+08      1.2278397084E+09         1179735511      1448413145    0.3086    2.0544 
              280  -6.3086756126E-01      1.9079725545E+07     -5.6706018212E+08      1.1798500211E+09         1134367206      1392872532    0.3086    1.9691 
              290  -4.3843619947E-01      1.7032807064E+07     -5.0736370142E+08      1.1344789972E+09         1091536791      1340353139    0.3086    1.8863 
              300  -2.4987848377E-01      1.5247546369E+07     -4.5520377055E+08      1.0916466451E+09         1051138002      1290868347    0.3086    1.8338 
              310  -6.5473384730E-02      1.3684122378E+07     -4.0943924305E+08      1.0512455474E+09         1013075130      1244216231    0.3086    1.7770 
              320   1.1433603282E-01      1.2314306829E+07     -3.6927411831E+08      1.0131807877E+09          977288147      1200366204    0.3086    1.6920 
              330   2.8959433337E-01      1.1107782001E+07     -3.3382749066E+08      9.7739226643E+08          943623664      1159088923    0.3086    1.6601 
              340   4.6003392345E-01      1.0043763651E+07     -3.0251640394E+08      9.4372651200E+08          911997333      1120305908    0.3086    1.5780 
              350   6.2556703749E-01      9.1062176545E+06     -2.7487345227E+08      9.1209896122E+08          882295620      1083814795    0.3086    1.5438 
              360   7.8613544016E-01      8.2756756934E+06     -2.5034948988E+08      8.8239682649E+08          854409384      1049604647    0.3086    1.4754 
              370   9.4166339207E-01      7.5394671714E+06     -2.2856997672E+08      8.5450998779E+08          828239261      1017520554    0.3085    1.4617 
              380   1.0923232350E+00      6.8839192965E+06     -2.0914071305E+08      8.2833909085E+08          803652465       987340114    0.3085    1.4039 
              390   1.2379941777E+00      6.2997761073E+06     -1.9180010983E+08      8.0375189398E+08          780573499       959047045    0.3085    1.3796 
              400   1.3786611456E+00      5.7767066227E+06     -1.7624702650E+08      7.8067305876E+08          758916537       932469789    0.3085    1.3092 
              410   1.5144841900E+00      5.3077071591E+06     -1.6227977297E+08      7.5901614598E+08          738575889       907513767    0.3085    1.3032 
              420   1.6452559684E+00      4.8882920712E+06     -1.4976602882E+08      7.3867529566E+08          719506701       884144023    0.3085    1.2604 
              430   1.7711157943E+00      4.5093712952E+06     -1.3844739075E+08      7.1960617652E+08          701618547       862149774    0.3085    1.2222 
              440   1.8922330827E+00      4.1683364894E+06     -1.2824191849E+08      7.0171835521E+08          684824083       841568711    0.3085    1.2198 
              450   2.0087020837E+00      3.8614551546E+06     -1.1904688866E+08      6.8492453372E+08          669053372       822196665    0.3085    1.1682 
              460   2.1204479291E+00      3.5821389261E+06     -1.1066106916E+08      6.6915442444E+08          654263369       804032787    0.3085    1.1495 
              470   2.2278599311E+00      3.3301643254E+06     -1.0308545250E+08      6.5436525743E+08          640354912       786992714    0.3085    1.1162 
              480   2.3307420675E+00      3.1013264461E+06     -9.6197239025E+07      6.4045783818E+08          627310652       770994801    0.3085    1.0956 
              490   2.4294040888E+00      2.8920248116E+06     -8.9885242283E+07      6.2741416041E+08          615050587       755962749    0.3085    1.0871 
              500   2.5236696035E+00      2.7023043599E+06     -8.4157107425E+07      6.1515511851E+08          603560382       741842876    0.3085    1.0594 
              510   2.6137086886E+00      2.5290564559E+06     -7.8917338993E+07      6.0366617713E+08          592785811       728637077    0.3085    1.0375 
              520   2.6997817773E+00      2.3714526119E+06     -7.4144516530E+07      5.9289276107E+08          582665185       716198264    0.3085    1.0413 
              530   2.7819149792E+00      2.2265976302E+06     -6.9749298022E+07      5.8277368670E+08          573168748       704581657    0.3085    1.0053 
              540   2.8601718855E+00      2.0930178041E+06     -6.5693019998E+07      5.7327887040E+08          564264215       693654459    0.3085    0.9903 
              550   2.9347014839E+00      1.9706997819E+06     -6.1971778602E+07      5.6437611617E+08          555912141       683385058    0.3085    0.9910 
              560   3.0056912851E+00      1.8583192201E+06     -5.8549048792E+07      5.5602595910E+08          548071455       673767322    0.3085    0.9649 
              570   3.0730924564E+00      1.7549415582E+06     -5.5395488138E+07      5.4818730279E+08          540729229       664770327    0.3085    0.9520 
              580   3.1372151467E+00      1.6586482602E+06     -5.2454629316E+07      5.4084719388E+08          533834928       656309510    0.3085    0.9616 
              590   3.1977677077E+00      1.5703219413E+06     -4.9752776028E+07      5.3395536517E+08          527404525       648429292    0.3085    0.9339 
              600   3.2552408280E+00      1.4889252809E+06     -4.7260447448E+07      5.2752789077E+08          521372539       641049840    0.3085    0.9286 
              610   3.3096594059E+00      1.4126859202E+06     -4.4924981261E+07      5.2149887300E+08          515724525       634134338    0.3085    0.9434 
              620   3.3610635213E+00      1.3421390205E+06     -4.2759342824E+07      5.1585380299E+08          510444908       627679517    0.3085    0.9102 
              630   3.4096046537E+00      1.2762879851E+06     -4.0735857460E+07      5.1057756979E+08          505508309       621587215    0.3085    0.8736 
              640   3.4551251724E+00      1.2153284994E+06     -3.8860104133E+07      5.0564475032E+08          500921752       616003844    0.3086    0.8592 
              650   3.4980491235E+00      1.1584646600E+06     -3.7108570174E+07      5.0106219971E+08          496634509       610792226    0.3086    0.8839 
              660   3.5382726441E+00      1.1049625937E+06     -3.5458004637E+07      4.9677909692E+08          492649423       605923638    0.3086    0.8488 
              670   3.5759038300E+00      1.0553865043E+06     -3.3926912845E+07      4.9279868814E+08          488949024       601372085    0.3086    0.8368 
              680   3.6110890032E+00      1.0091542955E+06     -3.2497176942E+07      4.8910369048E+08          485513828       597180787    0.3086    0.8551 
              690   3.6439238279E+00      9.6585103155E+05     -3.1156376756E+07      4.8567393269E+08          482328932       593312018    0.3086    0.8333 
              700   3.6745096632E+00      9.2563850229E+05     -2.9910505045E+07      4.8249497847E+08          479380184       589704633    0.3086    0.8215 
              710   3.7028979286E+00      8.8743086135E+05     -2.8725416815E+07      4.7955248511E+08          476658216       586377784    0.3086    0.8275 
              720   3.7291971556E+00      8.5147936994E+05     -2.7608381983E+07      4.7683746723E+08          474149313       583341942    0.3086    0.8397 
              730   3.7532468419E+00      8.1757887407E+05     -2.6554707899E+07      4.7433596040E+08          471865224       580554164    0.3086    0.8017 
              740   3.7753595814E+00      7.8568334653E+05     -2.5561141695E+07      4.7205991241E+08          469773693       577999480    0.3086    0.8079 
              750   3.7956130077E+00      7.5549585258E+05     -2.4619642009E+07      4.6997681453E+08          467864638       575693409    0.3086    0.8144 
              760   3.8140261503E+00      7.2729766795E+05     -2.3739085339E+07      4.6807693687E+08          466134472       573600299    0.3087    0.8023 
              770   3.8305453307E+00      7.0090628011E+05     -2.2914853102E+07      4.6635635348E+08          464586195       571724211    0.3087    0.7885 
              780   3.8453544233E+00      6.7569588325E+05     -2.2126691697E+07      4.6481813095E+08          463200475       570070565    0.3087    0.7766 
              790   3.8585233585E+00      6.5168425665E+05     -2.1375346068E+07      4.6344346077E+08          461970005       568568125    0.3087    0.8065 
              800   3.8702150741E+00      6.2902786770E+05     -2.0665301539E+07      4.6222445539E+08          460878285       567282493    0.3087    0.7908 
              810   3.8802682180E+00      6.0749289089E+05     -1.9989284831E+07      4.6114487872E+08          459939444       566135096    0.3087    0.7718 
              820   3.8889747945E+00      5.8736237158E+05     -1.9357055688E+07      4.6021861905E+08          459125356       565200529    0.3087    0.7691 
              830   3.8962561471E+00      5.6809789162E+05     -1.8751034091E+07      4.5941793065E+08          458442532       564413170    0.3087    0.8038 
              840   3.9022460731E+00      5.4974196818E+05     -1.8173466049E+07      4.5874938078E+08          457878553       563726068    0.3087    0.7805 
              850   3.9069751372E+00      5.3250810334E+05     -1.7630120769E+07      4.5820013486E+08          457430065       563268659    0.3087    0.7713 
              860   3.9102546066E+00      5.1580331780E+05     -1.7103070629E+07      4.5776696819E+08          457113989       562871198    0.3088    0.7795 
              870   3.9123711432E+00      5.0024723504E+05     -1.6612118859E+07      4.5746682007E+08          456903758       562662819    0.3088    0.7880 
              880   3.9135040886E+00      4.8526264666E+05     -1.6138384503E+07      4.5727321201E+08          456782666       562591789    0.3088    0.7668 
              890   3.9133744190E+00      4.7067220471E+05     -1.5676927798E+07      4.5716961062E+08          456776678       562625707    0.3088    0.7677 
              900   3.9122258830E+00      4.5692735733E+05     -1.5242309735E+07      4.5718146698E+08          456863041       562767512    0.3088    0.7749 
              910   3.9101103598E+00      4.4378910253E+05     -1.4825303443E+07      4.5728649692E+08          457037891       563038195    0.3088    0.7879 
              920   3.9069410785E+00      4.3139336672E+05     -1.4431944272E+07      4.5748001790E+08          457308383       563401574    0.3088    0.7616 
              930   3.9028521970E+00      4.1940975617E+05     -1.4050561833E+07      4.5777008638E+08          457662903       563861891    0.3088    0.7883 
              940   3.8979747441E+00      4.0783181615E+05     -1.3682584067E+07      4.5814459302E+08          458089436       564457809    0.3088    0.8025 
              950   3.8921866083E+00      3.9697578038E+05     -1.3336923224E+07      4.5859172681E+08          458599435       565139468    0.3089    0.7684 
              960   3.8856631624E+00      3.8643166018E+05     -1.3000755974E+07      4.5912291245E+08          459177156       565922476    0.3089    0.7818 
              970   3.8783395384E+00      3.7631319870E+05     -1.2678011729E+07      4.5972231607E+08          459828745       566724331    0.3089    0.7821 
              980   3.8703498305E+00      3.6661459580E+05     -1.2368413009E+07      4.6039617614E+08          460542439       567671877    0.3089    0.7913 
              990   3.8615117857E+00      3.5746553872E+05     -1.2076001798E+07      4.6113245044E+08          461335000       568724433    0.3089    0.7676 
             1000   3.8520881385E+00      3.4868144011E+05     -1.1794723840E+07      4.6194827311E+08          462183063       569796693    0.3089    0.7776 

 Load balancing
 ^^^^^^^^^^^^^^

 The final distribution of walkers and determinants across the processors was:

 Min # of particles on a processor:       2.394473E+05
 Max # of particles on a processor:       2.429682E+05
 Mean # of particles on a processor:      2.410519E+05

 Min # of determinants on a processor:   239127
 Max # of determinants on a processor:   242645
 Mean # of determinants on a processor:   2.407203E+05

 Min time taken by walker communication:       448.11s
 Max time taken by walker communication:       516.81s
 Mean time taken by walker communication:      495.26s

 Timing breakdown
 ----------------

 Time for each calculation section (seconds):

 Generic system initialisation: .24
 DMQMC calculation            : 1569.95

 ================================================================
 Finished running on 13/08/2022 at 22:11:47
 Wall time (seconds):                        1574.21
 CPU time (per processor, seconds):          1570.49
 ================================================================

