
   HANDE

 ================================================================
Version information
-------------------
Version       | v1.5-196-gb9630a5
Commit hash   | b9630a5380291831d19d4bbba843b8012f8a8829
Commit author | Andreea Filip
Commit date   | Mon May 2 16:28:36 2022 +0100
Branch        | main

Configuration and build information
-----------------------------------
Who compiled             | vanben
Compilation hostname     | cori09
Operating system         | Linux-5.3.18-24.96-default
CMake version            | 3.22.1
CMake generator          | Unix Makefiles
Build type               | release
Configuration time       | 2022-05-03 00:51:21 [UTC]
Python version           | 3.9.7
Fortran compiler         | /opt/cray/pe/craype/2.7.10/bin/ftn
C compiler               | /opt/cray/pe/craype/2.7.10/bin/cc
DET_SIZE set to          | 64
POP_SIZE set to          | 64
dSFMT Mersenne exponent  | 19937
MPI parallelization      | ON
MPI launcher             | /usr/lib64/mpi/gcc/openmpi/bin/mpirun
OpenMP parallelization   | OFF
Lua version              | 5.3.5
HDF5 library version     | 

Further components
------------------
DISABLE_HDF5 not defined.  HDF5 enabled.
DISABLE_UUID not defined.  UUID enabled.
PARALLEL defined.  MPI parallelization enabled.
DISABLE_MPI3 not defined.  MPI-3 functionality enabled.
PARALLEL defined. DISABLE_MPI3 and ENABLE_SHMEM_POSIX not defined. MPI-3 in use.
DISABLE_SCALAPACK not defined.  ScaLAPACK enabled.
SINGLE_PRECISION not defined.  Double precision used throughout.
USE_POPCNT not defined. Internal POPCNT procedure used.

Runtime information
-------------------
Hostname:
    nid00738
Current working dir:
    /global/u1/v/vanben/PIP_calculations/CH4_DMQMC
Started running on 13/08/2022 at 22:11:53
 Calculation UUID: 2b4f1c32-2053-4447-870f-06ac04d9891b.
 ================================================================

 Number of MPI processes running on: 1920
 Running with 1 thread per MPI process.

 Input options
 -------------

dmqmc {
    sys = read_in {
        int_file = 'EIGENVALUES-CH4-ccpVDZ.FCIDUMP',
        nel = 8,
        ms = 0,
    },
    qmc = {
        tau = 0.001,
        mc_cycles = 10,
        nreports = 100,
        init_pop = 1E9,
        target_population = 1E9,
        state_size = -1000,
        spawned_state_size = -2000,
        real_amplitudes = true,
        initiator = true,
    },
    dmqmc = {
        beta_loops = 1,
        initiator_level = 2,
    },
    operators = {
        energy = true,
    },
}

 -------------

 Memory required for all two body integrals (MB) on each processor: 1
 It is left to the user to ensure that this does not exceed available resources.

 Basis functions
 ---------------

 Spin given in units of 1/2.

 index  spatial symmetry sym_index lz     ms       <i|f|i>
     1      1       0       1       0       1       -9.42955657E-01
     2      1       0       2       0      -1       -9.42955657E-01
     3      2       0       3       0       1       -5.43135832E-01
     4      2       0       4       0      -1       -5.43135832E-01
     5      3       1       1       0       1       -5.43135812E-01
     6      3       1       2       0      -1       -5.43135812E-01
     7      4       2       1       0       1       -5.43135812E-01
     8      4       2       2       0      -1       -5.43135812E-01
     9      5       0       5       0       1        1.93307454E-01
    10      5       0       6       0      -1        1.93307454E-01
    11      6       0       7       0       1        2.74374641E-01
    12      6       0       8       0      -1        2.74374641E-01
    13      7       1       3       0       1        2.74374641E-01
    14      7       1       4       0      -1        2.74374641E-01
    15      8       2       3       0       1        2.74374641E-01
    16      8       2       4       0      -1        2.74374641E-01
    17      9       1       5       0       1        5.89332678E-01
    18      9       1       6       0      -1        5.89332678E-01
    19     10       2       5       0       1        5.89332678E-01
    20     10       2       6       0      -1        5.89332678E-01
    21     11       0       9       0       1        5.89332701E-01
    22     11       0      10       0      -1        5.89332701E-01
    23     12       1       7       0       1        8.90267650E-01
    24     12       1       8       0      -1        8.90267650E-01
    25     13       2       7       0       1        8.90267650E-01
    26     13       2       8       0      -1        8.90267650E-01
    27     14       0      11       0       1        8.90267657E-01
    28     14       0      12       0      -1        8.90267657E-01
    29     15       0      13       0       1        9.36394707E-01
    30     15       0      14       0      -1        9.36394707E-01
    31     16       0      15       0       1        1.13184873E+00
    32     16       0      16       0      -1        1.13184873E+00
    33     17       3       1       0       1        1.13184875E+00
    34     17       3       2       0      -1        1.13184875E+00
    35     18       0      17       0       1        1.25677241E+00
    36     18       0      18       0      -1        1.25677241E+00
    37     19       3       3       0       1        1.68772702E+00
    38     19       3       4       0      -1        1.68772702E+00
    39     20       1       9       0       1        1.68772704E+00
    40     20       1      10       0      -1        1.68772704E+00
    41     21       2       9       0       1        1.68772704E+00
    42     21       2      10       0      -1        1.68772704E+00
    43     22       1      11       0       1        1.89580597E+00
    44     22       1      12       0      -1        1.89580597E+00
    45     23       2      11       0       1        1.89580597E+00
    46     23       2      12       0      -1        1.89580597E+00
    47     24       0      19       0       1        1.89580597E+00
    48     24       0      20       0      -1        1.89580597E+00
    49     25       0      21       0       1        2.21334880E+00
    50     25       0      22       0      -1        2.21334880E+00
    51     26       1      13       0       1        2.21334886E+00
    52     26       1      14       0      -1        2.21334886E+00
    53     27       2      13       0       1        2.21334886E+00
    54     27       2      14       0      -1        2.21334886E+00
    55     28       3       5       0       1        2.54708966E+00
    56     28       3       6       0      -1        2.54708966E+00
    57     29       0      23       0       1        2.54708971E+00
    58     29       0      24       0      -1        2.54708971E+00
    59     30       0      25       0       1        2.75562169E+00
    60     30       0      26       0      -1        2.75562169E+00
    61     31       0      27       0       1        2.79929864E+00
    62     31       0      28       0      -1        2.79929864E+00
    63     32       1      15       0       1        2.79929865E+00
    64     32       1      16       0      -1        2.79929865E+00
    65     33       2      15       0       1        2.79929865E+00
    66     33       2      16       0      -1        2.79929865E+00

 E_core =  -22.786970808359
 Number of electrons: 8
 Number of basis functions: 66

 Bit-length of integers used to store determinant bit-strings: 64
 Number of integers used to store determinant bit-strings: 2

 Symmetry information
 --------------------

 Number of point group symmetries: 4
 Not using Lz symmetry.
 Totally symmetric symmetry: 0
 The matrix below gives the direct products of the irreducible representations.

  0  1  2  3
  1  0  3  2
  2  3  0  1
  3  2  1  0

 The table below gives the number of basis functions spanning each irreducible representation.

 irrep  Lz   sym  nbasis  nbasis_up  nbasis_down
   0     0    0     28      14         14
   1     0    1     16       8          8
   2     0    2     16       8          8
   3     0    3      6       3          3


 Reference determinant and so symmetry sector selected using the Aufbau principle.
 Selected symmetry  0.

 DMQMC
 -----

 Memory allocated per core for main walker list (MB):   1000.00
 Number of elements per core in main walker list: 19230769
 Memory allocated per core for spawned walker lists (MB):   2000.00
 Number of elements per core in spawned walker list: 20833333

 spawned_walker_length is not a multiple of the number of processors.
 Increasing spawned_walker_length to 20833920.

 # Starting the excitation generator initialisation.
 # Finishing the excitation generator initialisation, time taken:  9.0003013611E-06
 -- Start JSON block --
 {
     "system": {
         "nbasis": 66,   
         "nel": 8,   
         "nvirt": 58,   
         "Ms": 0,   
         "nalpha": 4,   
         "nbeta": 4,   
         "nvirt_alpha": 29,   
         "nvirt_beta": 29,   
         "nsym": 3,   
         "sym0": 0,   
         "sym_max": 3,   
         "nsym_tot": 4,   
         "sym0_tot": 0,   
         "sym_max_tot": 3,   
         "symmetry": 0,   
         "tot_sym": false,   
         "aufbau_sym": true,   
         "max_number_excitations": 8,   
         "read_in": {
             "int_file":  "EIGENVALUES-CH4-ccpVDZ.FCIDUMP",   
             "uhf": false,   
             "Ecore": -22.78697081,   
             "CAS": [ -1, -1],
             "useLz": false,   
             "complex": false    
         }
     },
     "qmc": {
         "rng_seed": 887301574,   
         "real_amplitudes": true,   
         "real_amplitude_force_32": false,   
         "spawn_cutoff": 0.01000000,   
         "excit_gen":  "renorm",   
         "pattempt_update": false,   
         "pattempt_zero_accum_data": false,   
         "pattempt_single": 0.01572197,   
         "pattempt_double": 0.98427803,   
         "pattempt_parallel": 0.00000000,   
         "tau": 0.00100000,   
         "tau_search": false,   
         "vary_shift_from": 0.00000000,   
         "vary_shift_from_proje": false,   
         "initial_shift": 0.00000000,   
         "shift_damping": 0.05000000,   
         "shift_harmonic_forcing": 0.00000000,   
         "shift_harmonic_crit_damp": false,   
         "walker_length": -1000,   
         "spawned_walker_length": -2000,   
         "D0_population": 1000000000.00000000,   
         "target_particles": 1000000000.00000000,   
         "target_reference": false,   
         "initiator_approx": true,   
         "initiator_pop": 3.00000000,   
         "ncycles": 10,   
         "nreport": 100,   
         "power_pitzer_min_weight": 0.01000000,   
         "quasi_newton": false,   
         "quasi_newton_threshold": 0.00000000,   
         "quasi_newton_value": 0.00000000,   
         "quasi_newton_pop_control": 1.00000000,   
         "use_mpi_barriers": false    
     },
     "dmqmc": {
         "beta_loops": 1,   
         "replica_tricks": false,   
         "start_av_rdm": 0,   
         "weighted_sampling": false,   
         "vary_weights": false,   
         "find_weights": false,   
         "find_weights_start": 0,   
         "calc_excit_dist": false,   
         "all_sym_sectors": false,   
         "all_spin_sectors": false,   
         "initiator_level": 2,   
         "symmetric_bloch": true,   
         "sampling_probs":  "[]",   
         "finish_varying_weights": 0,   
         "fermi_temperature": false,   
         "target_beta": 1.00000000,   
         "final_beta": -1.00000000,   
         "piecewise_shift": 0.00000000,   
         "walker_scale_factor": 0.00000000,   
         "mom_dist_kmax": 0.00000000,   
         "struc_fac_qmax": 0.00000000    
     },
     "ipdmqmc": {
         "ipdmqmc": false,   
         "initial_matrix":  "hartree_fock",   
         "grand_canonical_initialisation": false,   
         "count_diagonal_occupations": false,   
         "skip_gci_reference_check": false,   
         "symmetric_interaction_picture": true,   
         "chem_pot": [0.00000000,0.00000000],
         "metropolis_attempts": 0    
     },
     "rdm": {
         "nrdms": 0,   
         "spawned_length": 0,   
         "doing_rdm": false,   
         "calc_ground_rdm": false,   
         "calc_inst_rdm": false,   
         "doing_concurrence": false,   
         "doing_vn_entropy": false,   
         "output_rdm": false    
     },
     "operators": {
         "energy": true,   
         "energy_squared": false,   
         "kinetic_energy": false,   
         "potential_energy": false,   
         "H0_energy": false,   
         "HI_energy": false,   
         "ref_projected_energy": false,   
         "correlation_fn": false,   
         "staggered_mad_ind": false,   
         "rdm_r2": false,   
         "full_r2": false,   
         "mom_dist": false    
     },
     "restart": {
         "read_restart": false,   
         "read_id": 2147483647,   
         "write_restart": false,   
         "write_id": 2147483647,   
         "write_freq": 2147483647,   
         "write_restart_shift": false,   
         "write_shift_id": 2147483647,   
         "restart_rng": true    
     },
     "load balancing": {
         "nslots": 1,   
         "pop": 1000,   
         "percent": 0.05000000,   
         "max_attempts": 2,   
         "write_info": false    
     },
     "reference": {
         "det": [ 1, 2, 3, 4, 5, 6, 7, 8],
         "det_ms": 0,   
         "det_symmetry": 0,   
         "H00": -40.19868633,   
         "F0": -5.14472622,   
         "hilbert_space_det": [ 1, 2, 3, 4, 5, 6, 7, 8],
         "hilbert_space_det_ms": 0,   
         "hilbert_space_det_symmetry": 0,   
         "ex_level": 8    
     }
 }
 -- End JSON block --

 Information printed out every QMC report loop:

 Shift: the energy offset calculated at the end of the report loop.
 Trace: The current total population on the diagonal elements of the density matrix.
 \sum\rho_{ij}H_{ji}: The numerator of the estimator for the expectation value of the energy.
 # particles: current total population of Hamiltonian particles.
 # states: number of many-particle states occupied.
 # spawn_events: number of successful spawning events across all processors.
 R_spawn: average rate of spawning across all processors.
 time: average time per Monte Carlo cycle.

 Note that all particle populations are averaged over the report loop.

 #     iterations   Instant shift         Trace                 \sum\rho_{ij}H_{ji}   # particles                # states  # spawn_events   R_spawn    time   
 # Initial diagonal density matrix element(s): 380227020
                0  -8.6666900686E-01      1.0000000000E+09     -2.7801041282E+10      1.0000000000E+09          675710319      1415663963    0.3056    1.9707 
               10  -1.6299027582E+00      8.8299973240E+08     -2.4609119288E+10      1.1892630165E+09          971295628      1655150388    0.3062    2.1021 
               20  -2.2627517371E+00      7.7340872444E+08     -2.1608176732E+10      1.3853884251E+09         1249667059      1885228065    0.3066    2.4493 
               30  -2.7664456292E+00      6.7267095933E+08     -1.8840119676E+10      1.5723170311E+09         1498588315      2092111870    0.3071    2.7820 
               40  -3.1532606079E+00      5.8171342572E+08     -1.6332781844E+10      1.7389632909E+09         1706815079     -2147483648    0.3074    3.0393 
               50  -3.4382934466E+00      5.0084700906E+08     -1.4096914602E+10      1.8788354090E+09         1870041791     -2147483648    0.3076    3.2937 
               60  -3.6361456147E+00      4.2982369297E+08     -1.2127630007E+10      1.9890530860E+09         1991246401     -2147483648    0.3079    3.4326 
               70  -3.7603269183E+00      3.6807264699E+08     -1.0410762844E+10      2.0693387731E+09         2072889231     -2147483648    0.3080    3.6022 
               80  -3.8227361272E+00      3.1477593279E+08     -8.9250597180E+09      2.1213769523E+09         2119439480     -2147483648    0.3082    3.6970 
               90  -3.8332374661E+00      2.6905493809E+08     -7.6473110437E+09      2.1480215849E+09         2136441560     -2147483648    0.3083    3.7084 
              100  -3.8003326745E+00      2.2997936805E+08     -6.5526023843E+09      2.1525377464E+09         2129657524     -2147483648    0.3084    3.6569 
              110  -3.7313679841E+00      1.9670863711E+08     -5.6182328152E+09      2.1384184952E+09         2104441940     -2147483648    0.3085    3.6122 
              120  -3.6323699289E+00      1.6842403015E+08     -4.8220049632E+09      2.1091259012E+09         2065265900     -2147483648    0.3085    3.5606 
              130  -3.5086631779E+00      1.4440884051E+08     -4.1444002070E+09      2.0677767283E+09         2015863231     -2147483648    0.3086    3.4495 
              140  -3.3648109338E+00      1.2402547508E+08     -3.5679780504E+09      2.0172448315E+09         1959233966     -2147483648    0.3086    3.3996 
              150  -3.2045073536E+00      1.0672925297E+08     -3.0777382668E+09      1.9600347188E+09         1897690988     -2147483648    0.3086    3.2591 
              160  -3.0309627006E+00      9.2044703304E+07     -2.6605899095E+09      1.8981912721E+09         1833095108     -2147483648    0.3086    3.1657 
              170  -2.8471410664E+00      7.9560589966E+07     -2.3051966123E+09      1.8334373533E+09         1767000092     -2147483648    0.3087    3.0364 
              180  -2.6552511197E+00      6.8941755734E+07     -2.0022525459E+09      1.7672562688E+09         1700509652      2084098490    0.3087    2.9529 
              190  -2.4574121069E+00      5.9895898788E+07     -1.7436281866E+09      1.7007175053E+09         1634558870      2003941884    0.3087    2.8244 
              200  -2.2554083066E+00      5.2168527853E+07     -1.5222416315E+09      1.6347377949E+09         1569848778      1925158884    0.3087    2.7176 
              210  -2.0507430415E+00      4.5567942120E+07     -1.3327457680E+09      1.5700094859E+09         1506893704      1848355654    0.3087    2.5833 
              220  -1.8446597424E+00      3.9906706686E+07     -1.1698938331E+09      1.5070417274E+09         1446050782      1774077404    0.3087    2.4928 
              230  -1.6382025472E+00      3.5046682799E+07     -1.0298084215E+09      1.4461891850E+09         1387558324      1702644421    0.3087    2.4083 
              240  -1.4325933629E+00      3.0862518642E+07     -9.0894921076E+08      1.3876900212E+09         1331657039      1634293031    0.3087    2.3079 
              250  -1.2283742324E+00      2.7256059908E+07     -8.0457475758E+08      1.3317830355E+09         1278362296      1569147869    0.3087    2.2360 
              260  -1.0262590669E+00      2.4136417216E+07     -7.1411840597E+08      1.2784838024E+09         1227716513      1507153171    0.3087    2.1207 
              270  -8.2694414321E-01      2.1430372320E+07     -6.3550822446E+08      1.2278342111E+09         1179737415      1448415245    0.3086    2.0603 
              280  -6.3088051366E-01      1.9082825345E+07     -5.6716836748E+08      1.1798517897E+09         1134370231      1392868399    0.3086    1.9825 
              290  -4.3836029868E-01      1.7036246486E+07     -5.0748209996E+08      1.1344819361E+09         1091520631      1340357795    0.3086    1.8835 
              300  -2.4987206306E-01      1.5248792755E+07     -4.5525175611E+08      1.0916300739E+09         1051136665      1290862063    0.3086    1.8240 
              310  -6.5637641994E-02      1.3688108712E+07     -4.0956598354E+08      1.0512441974E+09         1013108576      1244275515    0.3086    1.7490 
              320   1.1438443923E-01      1.2318524690E+07     -3.6940314910E+08      1.0132140727E+09          977278571      1200359529    0.3086    1.7083 
              330   2.8961367410E-01      1.1112982067E+07     -3.3398801824E+08      9.7738280407E+08          943619918      1159062578    0.3086    1.6636 
              340   4.6008377341E-01      1.0048981180E+07     -3.0267455192E+08      9.4372286154E+08          911988255      1120265252    0.3086    1.5812 
              350   6.2560704477E-01      9.1081573325E+06     -2.7493931536E+08      9.1208986764E+08          882288866      1083842752    0.3086    1.5536 
              360   7.8620284001E-01      8.2779736822E+06     -2.5041986919E+08      8.8238976606E+08          854398158      1049647535    0.3086    1.4797 
              370   9.4185894407E-01      7.5410120569E+06     -2.2861808580E+08      8.5449846910E+08          828206619      1017493471    0.3085    1.4465 
              380   1.0924530473E+00      6.8831419523E+06     -2.0912314306E+08      8.2830669481E+08          803631348       987339852    0.3085    1.3865 
              390   1.2381071628E+00      6.2976842493E+06     -1.9174852908E+08      8.0373102688E+08          780555943       959074338    0.3085    1.3850 
              400   1.3787745891E+00      5.7749245374E+06     -1.7620246290E+08      7.8065541806E+08          758899325       932464990    0.3085    1.3151 
              410   1.5144471406E+00      5.3067723317E+06     -1.6225921918E+08      7.5899892507E+08          738581333       907514779    0.3085    1.2799 
              420   1.6452894551E+00      4.8857502845E+06     -1.4969887510E+08      7.3868076918E+08          719501802       884092928    0.3085    1.2698 
              430   1.7712422033E+00      4.5083489176E+06     -1.3842408682E+08      7.1960135709E+08          701600760       862141698    0.3085    1.2185 
              440   1.8924619186E+00      4.1679919005E+06     -1.2823965066E+08      7.0170061473E+08          684792943       841514369    0.3085    1.2185 
              450   2.0090031421E+00      3.8605193850E+06     -1.1902416822E+08      6.8489318737E+08          669013310       822148472    0.3085    1.1625 
              460   2.1206851257E+00      3.5813631680E+06     -1.1064597608E+08      6.6911413473E+08          654232788       804027058    0.3085    1.1338 
              470   2.2280579503E+00      3.3292214310E+06     -1.0306606823E+08      6.5433421553E+08          640330199       786953659    0.3085    1.1404 
              480   2.3308805723E+00      3.0999910364E+06     -9.6165252912E+07      6.4043247410E+08          627293474       770944820    0.3085    1.1006 
              490   2.4295268131E+00      2.8927874051E+06     -8.9917226780E+07      6.2739678067E+08          615035710       755899267    0.3085    1.0983 
              500   2.5238188220E+00      2.7027988934E+06     -8.4178924496E+07      6.1514001979E+08          603542523       741788531    0.3085    1.0515 
              510   2.6138613724E+00      2.5302326331E+06     -7.8962387043E+07      6.0364816177E+08          592767607       728575975    0.3085    1.0329 
              520   2.6999178306E+00      2.3721209518E+06     -7.4172537941E+07      5.9287465631E+08          582649218       716188382    0.3085    1.0345 
              530   2.7821003806E+00      2.2272705463E+06     -6.9778527314E+07      5.8275782926E+08          573147290       704539442    0.3085    1.0037 
              540   2.8604680669E+00      2.0941429537E+06     -6.5733383213E+07      5.7325761346E+08          564230522       693584982    0.3085    0.9904 
              550   2.9350519426E+00      1.9716286113E+06     -6.2006671840E+07      5.6434268562E+08          555873002       683361553    0.3085    0.9998 
              560   3.0059871861E+00      1.8590607849E+06     -5.8578158615E+07      5.5598698765E+08          548038831       673740019    0.3085    0.9613 
              570   3.0734847144E+00      1.7546895322E+06     -5.5393469100E+07      5.4815486192E+08          540686743       664727141    0.3085    0.9573 
              580   3.1375646579E+00      1.6591803804E+06     -5.2476001419E+07      5.4080476521E+08          533797538       656297502    0.3085    0.9690 
              590   3.1983790454E+00      1.5707897394E+06     -4.9772972670E+07      5.3391804180E+08          527340315       648363548    0.3085    0.9400 
              600   3.2558196319E+00      1.4883253012E+06     -4.7249656408E+07      5.2746339517E+08          521312367       640960904    0.3085    0.9308 
              610   3.3102952443E+00      1.4123121508E+06     -4.4918484266E+07      5.2143850739E+08          515658881       634060870    0.3085    0.9434 
              620   3.3615714950E+00      1.3423111199E+06     -4.2769494132E+07      5.1578820723E+08          510392996       627616503    0.3085    0.9328 
              630   3.4099885540E+00      1.2764466291E+06     -4.0744160110E+07      5.1052570044E+08          505469569       621581743    0.3086    0.8579 
              640   3.4557866140E+00      1.2153764930E+06     -3.8865008161E+07      5.0560592837E+08          500855533       615936508    0.3086    0.8587 
              650   3.4985774414E+00      1.1585117194E+06     -3.7113953113E+07      5.0099591942E+08          496581959       610704249    0.3086    0.8697 
              660   3.5387148974E+00      1.1058967611E+06     -3.5490856258E+07      4.9672660823E+08          492605649       605855099    0.3086    0.8458 
              670   3.5763403989E+00      1.0560862915E+06     -3.3952583069E+07      4.9275510170E+08          488906467       601331809    0.3086    0.8306 
              680   3.6115518532E+00      1.0098839971E+06     -3.2525135206E+07      4.8906098686E+08          485468773       597160392    0.3086    0.8567 
              690   3.6443485229E+00      9.6627286518E+05     -3.1174970403E+07      4.8562897594E+08          482288000       593231762    0.3086    0.8280 
              700   3.6748698483E+00      9.2549814448E+05     -2.9909995291E+07      4.8245399757E+08          479345547       589656042    0.3086    0.8099 
              710   3.7031128985E+00      8.8688865650E+05     -2.8711598799E+07      4.7951794082E+08          476637751       586371312    0.3086    0.8122 
              720   3.7293332075E+00      8.5130640731E+05     -2.7605605012E+07      4.7681696653E+08          474136330       583286041    0.3086    0.8269 
              730   3.7533982312E+00      8.1768504775E+05     -2.6558521147E+07      4.7432305372E+08          471850836       580526555    0.3086    0.8057 
              740   3.7753822244E+00      7.8600178956E+05     -2.5572031471E+07      4.7204561967E+08          469771545       578008178    0.3086    0.7903 
              750   3.7955917092E+00      7.5591192487E+05     -2.4633498630E+07      4.6997468620E+08          467866843       575692766    0.3086    0.7929 
              760   3.8137773267E+00      7.2725483930E+05     -2.3739484616E+07      4.6807893075E+08          466157712       573637415    0.3087    0.8085 
              770   3.8301595858E+00      7.0067640788E+05     -2.2909117036E+07      4.6637956215E+08          464622077       571763470    0.3087    0.7785 
              780   3.8450976724E+00      6.7556775462E+05     -2.2123710513E+07      4.6485399258E+08          463224510       570092204    0.3087    0.7953 
              790   3.8583574661E+00      6.5155635123E+05     -2.1371727438E+07      4.6346725928E+08          461985620       568590943    0.3087    0.7763 
              800   3.8699794551E+00      6.2864580741E+05     -2.0654191757E+07      4.6223979155E+08          460900304       567320145    0.3087    0.8041 
              810   3.8801654250E+00      6.0740089106E+05     -1.9987245681E+07      4.6116661013E+08          459949047       566169977    0.3087    0.7802 
              820   3.8889185455E+00      5.8707237438E+05     -1.9348651806E+07      4.6022808060E+08          459130852       565221744    0.3087    0.7761 
              830   3.8961386002E+00      5.6793736452E+05     -1.8746937418E+07      4.5942309904E+08          458454028       564415750    0.3087    0.7931 
              840   3.9020710038E+00      5.4916446460E+05     -1.8156026539E+07      4.5876016582E+08          457895454       563785729    0.3087    0.7727 
              850   3.9066729442E+00      5.3171585380E+05     -1.7606439713E+07      4.5821617850E+08          457458691       563266920    0.3087    0.7733 
              860   3.9100742517E+00      5.1517929360E+05     -1.7084584590E+07      4.5779463582E+08          457131525       562929272    0.3088    0.7844 
              870   3.9121990225E+00      4.9961729205E+05     -1.6592854120E+07      4.5748332165E+08          456920752       562727104    0.3088    0.7827 
              880   3.9131573048E+00      4.8479495535E+05     -1.6124210606E+07      4.5728895351E+08          456816307       562618902    0.3088    0.7640 
              890   3.9130039799E+00      4.7042209237E+05     -1.5669291048E+07      4.5720131953E+08          456812641       562663003    0.3088    0.7770 
              900   3.9118132208E+00      4.5655723467E+05     -1.5230622593E+07      4.5721533981E+08          456903063       562815267    0.3088    0.7724 
              910   3.9096790029E+00      4.4357924007E+05     -1.4818806057E+07      4.5732423945E+08          457079406       563076899    0.3088    0.7928 
              920   3.9065545651E+00      4.3103896096E+05     -1.4420854275E+07      4.5751948703E+08          457345897       563453296    0.3088    0.7786 
              930   3.9025911848E+00      4.1889827274E+05     -1.4035408001E+07      4.5780547461E+08          457688930       563910507    0.3088    0.7749 
              940   3.8977384759E+00      4.0751918764E+05     -1.3673982911E+07      4.5816850992E+08          458113119       564509037    0.3088    0.7695 
              950   3.8919854471E+00      3.9647399837E+05     -1.3322200495E+07      4.5861339745E+08          458619901       565156159    0.3089    0.7947 
              960   3.8853826122E+00      3.8591237299E+05     -1.2985337714E+07      4.5914138436E+08          459205259       565932522    0.3089    0.7743 
              970   3.8781577445E+00      3.7571938350E+05     -1.2660198961E+07      4.5974811184E+08          459847962       566788438    0.3089    0.7788 
              980   3.8700824762E+00      3.6616875915E+05     -1.2355292488E+07      4.6041291589E+08          460569798       567706481    0.3089    0.7726 
              990   3.8613123921E+00      3.5694466488E+05     -1.2060869245E+07      4.6115710825E+08          461356379       568727830    0.3089    0.7954 
             1000   3.8519412749E+00      3.4806645140E+05     -1.1776550344E+07      4.6196669538E+08          462199769       569829688    0.3089    0.7689 

 Load balancing
 ^^^^^^^^^^^^^^

 The final distribution of walkers and determinants across the processors was:

 Min # of particles on a processor:       2.395362E+05
 Max # of particles on a processor:       2.426919E+05
 Mean # of particles on a processor:      2.410590E+05

 Min # of determinants on a processor:   239213
 Max # of determinants on a processor:   242366
 Mean # of determinants on a processor:   2.407290E+05

 Min time taken by walker communication:       443.21s
 Max time taken by walker communication:       513.94s
 Mean time taken by walker communication:      491.95s

 Timing breakdown
 ----------------

 Time for each calculation section (seconds):

 Generic system initialisation: .21
 DMQMC calculation            : 1566.29

 ================================================================
 Finished running on 13/08/2022 at 22:38:04
 Wall time (seconds):                        1571.26
 CPU time (per processor, seconds):          1566.79
 ================================================================

